Command: /Users/Peter/.espressif/python_env/idf6.1_py3.14_env/bin/python /Users/Peter/esp/esp-idf/tools/idf_monitor.py -p /dev/cu.usbmodem1101 -b 115200 --toolchain-prefix xtensa-esp32s3-elf- --target esp32s3 --revision 0 /Users/Peter/Documents/Coding/esp32lvgl/esp32lvgl_demo/build/esp32lvgl_demo.elf /Users/Peter/Documents/Coding/esp32lvgl/esp32lvgl_demo/build/bootloader/bootloader.elf -m '/Users/Peter/.espressif/python_env/idf6.1_py3.14_env/bin/python' '/Users/Peter/esp/esp-idf/tools/idf.py'
ESP-ROM:esp32s3-20210327
Build:Mar 27 2021
rst:0x15 (USB_UART_CHIP_RESET),boot:0x8 (SPI_FAST_FLASH_BOOT)
Saved PC:0x403cdb47
SPIWP:0xee
mode:DIO, clock div:1
load:0x3fce2820,len:0x16fc
load:0x403c8700,len:0xf38
load:0x403cb700,len:0x3234
entry 0x403c8930
[0;32mI (24) boot: ESP-IDF v6.1-dev-1245-gb5956e708e 2nd stage bootloader[0m
[0;32mI (25) boot: compile time Dec 14 2025 18:13:33[0m
[0;32mI (25) boot: Multicore bootloader[0m
[0;32mI (26) boot: chip revision: v0.2[0m
[0;32mI (29) boot: efuse block revision: v1.3[0m
[0;32mI (33) qio_mode: Enabling QIO for flash chip WinBond[0m
[0;32mI (37) boot.esp32s3: Boot SPI Speed : 80MHz[0m
[0;32mI (41) boot.esp32s3: SPI Mode       : QIO[0m
[0;32mI (45) boot.esp32s3: SPI Flash Size : 4MB[0m
[0;32mI (49) boot: Enabling RNG early entropy source...[0m
[0;32mI (53) boot: Partition Table:[0m
[0;32mI (56) boot: ## Label            Usage          Type ST Offset   Length[0m
[0;32mI (62) boot:  0 nvs              WiFi data        01 02 00009000 00006000[0m
[0;32mI (69) boot:  1 phy_init         RF data          01 01 0000f000 00001000[0m
[0;32mI (75) boot:  2 factory          factory app      00 00 00010000 00300000[0m
[0;32mI (82) boot: End of partition table[0m
[0;32mI (85) esp_image: segment 0: paddr=00010020 vaddr=3c0d0020 size=2b634h (177716) map[0m
[0;32mI (119) esp_image: segment 1: paddr=0003b65c vaddr=3fca1100 size=049bch ( 18876) load[0m
[0;32mI (123) esp_image: segment 2: paddr=00040020 vaddr=42000020 size=c7a30h (817712) map[0m
[0;32mI (247) esp_image: segment 3: paddr=00107a58 vaddr=3fca5abc size=00acch (  2764) load[0m
[0;32mI (248) esp_image: segment 4: paddr=0010852c vaddr=40374000 size=1d0cch (118988) load[0m
[0;32mI (274) esp_image: segment 5: paddr=00125600 vaddr=50000000 size=00024h (    36) load[0m
[0;32mI (287) boot: Loaded app from partition at offset 0x10000[0m
[0;32mI (287) boot: Disabling RNG early entropy source...[0m
[0;32mI (297) octal_psram: vendor id    : 0x0d (AP)[0m
[0;32mI (297) octal_psram: dev id       : 0x02 (generation 3)[0m
[0;32mI (297) octal_psram: density      : 0x03 (64 Mbit)[0m
[0;32mI (302) octal_psram: good-die     : 0x01 (Pass)[0m
[0;32mI (307) octal_psram: Latency      : 0x01 (Fixed)[0m
[0;32mI (312) octal_psram: VCC          : 0x01 (3V)[0m
[0;32mI (317) octal_psram: SRF          : 0x01 (Fast Refresh)[0m
[0;32mI (323) octal_psram: BurstType    : 0x01 (Hybrid Wrap)[0m
[0;32mI (329) octal_psram: BurstLen     : 0x01 (32 Byte)[0m
[0;32mI (335) octal_psram: Readlatency  : 0x02 (10 cycles@Fixed)[0m
[0;32mI (341) octal_psram: DriveStrength: 0x00 (1/1)[0m
[0;32mI (346) MSPI Timing: Enter psram timing tuning[0m
[0;32mI (352) esp_psram: Found 8MB PSRAM device[0m
[0;32mI (356) esp_psram: Speed: 80MHz[0m
[0;32mI (371) mmu_psram: Read only data copied and mapped to SPIRAM[0m
[0;32mI (426) mmu_psram: Instructions copied and mapped to SPIRAM[0m
[0;32mI (426) cpu_start: Multicore app[0m
[0;32mI (676) esp_psram: SPI SRAM memory test OK[0m
[0;32mI (684) cpu_start: GPIO 44 and 43 are used as console UART I/O pins[0m
[0;32mI (685) cpu_start: Pro cpu start user code[0m
[0;32mI (685) cpu_start: cpu freq: 240000000 Hz[0m
[0;32mI (689) app_init: Application information:[0m
[0;32mI (694) app_init: Project name:     esp32lvgl_demo[0m
[0;32mI (700) app_init: App version:      403af02-dirty[0m
[0;32mI (705) app_init: Compile time:     Dec 14 2025 23:55:09[0m
[0;32mI (711) app_init: ELF file SHA256:  c07a88d99...[0m
[0;32mI (716) app_init: ESP-IDF:          v6.1-dev-1245-gb5956e708e[0m
[0;32mI (723) efuse_init: Min chip rev:     v0.0[0m
[0;32mI (728) efuse_init: Max chip rev:     v0.99 [0m
[0;32mI (732) efuse_init: Chip rev:         v0.2[0m
[0;32mI (737) heap_init: Initializing. RAM available for dynamic allocation:[0m
[0;32mI (744) heap_init: At 3FCAB1D8 len 0003E538 (249 KiB): RAM[0m
[0;32mI (751) heap_init: At 3FCE9710 len 00005724 (21 KiB): RAM[0m
[0;32mI (757) heap_init: At 3FCF0000 len 00008000 (32 KiB): DRAM[0m
[0;32mI (763) heap_init: At 600FE000 len 00001FE8 (7 KiB): RTCRAM[0m
[0;32mI (769) esp_psram: Adding pool of 7168K of PSRAM memory to heap allocator[0m
[0;32mI (777) esp_psram: Adding pool of 18K of PSRAM memory gap generated due to end address alignment of drom to the heap allocator[0m
[0;32mI (789) spi_flash: detected chip: winbond[0m
[0;32mI (793) spi_flash: flash io: qio[0m
[0;33mW (797) spi_flash: Detected size(16384k) larger than the size in the binary image header(4096k). Using the size in the binary image header.[0m
[0;33mW (810) i2c: This driver is an old driver, please migrate your application code to adapt `driver/i2c_master.h`[0m
[0;32mI (821) sleep_gpio: Configure to isolate all GPIO pins in sleep state[0m
[0;32mI (828) sleep_gpio: Enable automatic switching of GPIO sleep configuration[0m
[0;32mI (836) main_task: Started on CPU0[0m
[0;32mI (840) esp_psram: Reserving pool of 32K of internal memory for DMA/internal allocations[0m
[0;32mI (849) main_task: Calling app_main()[0m
[0;32mI (1213) lcd_Model: 0xff[0m
[0;32mI (1220) pp: pp rom version: e7ae62f[0m
[0;32mI (1220) net80211: net80211 rom version: e7ae62f[0m
[0;32mI (1222) wifi:wifi driver task: 3fced45c, prio:23, stack:6656, core=0[0m
[0;32mI (1228) wifi:wifi firmware version: 3626b7d[0m
[0;32mI (1229) wifi:wifi certification version: v7.0[0m
[0;32mI (1233) wifi:config NVS flash: enabled[0m
[0;32mI (1236) wifi:config nano formatting: disabled[0m
[0;32mI (1241) wifi:Init data frame dynamic rx buffer num: 32[0m
[0;32mI (1246) wifi:Init static rx mgmt buffer num: 5[0m
[0;32mI (1250) wifi:Init management short buffer num: 32[0m
[0;32mI (1255) wifi:Init static tx buffer num: 16[0m
[0;32mI (1258) wifi:Init static tx FG buffer num: 2[0m
[0;32mI (1262) wifi:Init static rx buffer size: 1600[0m
[0;32mI (1266) wifi:Init static rx buffer num: 10[0m
[0;32mI (1270) wifi:Init dynamic rx buffer num: 32[0m
[0;32mI (1275) wifi_init: rx ba win: 6[0m
[0;32mI (1278) wifi_init: accept mbox: 6[0m
[0;32mI (1282) wifi_init: tcpip mbox: 32[0m
[0;32mI (1286) wifi_init: udp mbox: 6[0m
[0;32mI (1290) wifi_init: tcp mbox: 6[0m
[0;32mI (1294) wifi_init: tcp tx win: 5760[0m
[0;32mI (1298) wifi_init: tcp rx win: 5760[0m
[0;32mI (1303) wifi_init: tcp mss: 1440[0m
[0;32mI (1307) wifi_init: WiFi IRAM OP enabled[0m
[0;32mI (1311) wifi_init: WiFi RX IRAM OP enabled[0m
[0;32mI (1316) phy_init: phy_version 711,97bcf0a2,Aug 25 2025,19:04:10[0m
[0;32mI (1351) wifi:mode : sta (98:a3:16:d8:25:94)[0m
[0;32mI (1351) wifi:enable tsf[0m
[0;32mI (1352) example: Initialize SPI bus[0m
[0;32mI (1352) example: Install panel IO[0m
[0;32mI (1354) example: Install SH8601 panel driver[0m
[0;32mI (1359) sh8601: LCD panel create success, version: 2.0.1[0m
[0;32mI (2618) example: Initialize LVGL library[0m

assert failed: app_main example_qspi_with_ram.c:522 (buf2)


Backtrace: 0x40386cfd:0x3fcade50 0x40386cc9:0x3fcade70 0x4038504d:0x3fcade90 0x4200f16e:0x3fcadfb0 0x4200708f:0x3fcae220




ELF file SHA256: c07a88d99

Rebooting...
ESP-ROM:esp32s3-20210327
Build:Mar 27 2021
rst:0xc (RTC_SW_CPU_RST),boot:0x8 (SPI_FAST_FLASH_BOOT)
Saved PC:0x40386e8c
SPIWP:0xee
mode:DIO, clock div:1
load:0x3fce2820,len:0x16fc
load:0x403c8700,len:0xf38
load:0x403cb700,len:0x3234
entry 0x403c8930
[0;32mI (24) boot: ESP-IDF v6.1-dev-1245-gb5956e708e 2nd stage bootloader[0m
[0;32mI (24) boot: compile time Dec 14 2025 18:13:33[0m
[0;32mI (24) boot: Multicore bootloader[0m
[0;32mI (26) boot: chip revision: v0.2[0m
[0;32mI (29) boot: efuse block revision: v1.3[0m
[0;32mI (32) qio_mode: Enabling QIO for flash chip WinBond[0m
[0;32mI (37) boot.esp32s3: Boot SPI Speed : 80MHz[0m
[0;32mI (41) boot.esp32s3: SPI Mode       : QIO[0m
[0;32mI (45) boot.esp32s3: SPI Flash Size : 4MB[0m
[0;32mI (48) boot: Enabling RNG early entropy source...[0m
[0;32mI (53) boot: Partition Table:[0m
[0;32mI (55) boot: ## Label            Usage          Type ST Offset   Length[0m
[0;32mI (62) boot:  0 nvs              WiFi data        01 02 00009000 00006000[0m
[0;32mI (68) boot:  1 phy_init         RF data          01 01 0000f000 00001000[0m
[0;32mI (75) boot:  2 factory          factory app      00 00 00010000 00300000[0m
[0;32mI (81) boot: End of partition table[0m
[0;32mI (85) esp_image: segment 0: paddr=00010020 vaddr=3c0d0020 size=2b634h (177716) map[0m
[0;32mI (119) esp_image: segment 1: paddr=0003b65c vaddr=3fca1100 size=049bch ( 18876) load[0m
[0;32mI (123) esp_image: segment 2: paddr=00040020 vaddr=42000020 size=c7a30h (817712) map[0m
[0;32mI (247) esp_image: segment 3: paddr=00107a58 vaddr=3fca5abc size=00acch (  2764) load[0m
[0;32mI (248) esp_image: segment 4: paddr=0010852c vaddr=40374000 size=1d0cch (118988) load[0m
[0;32mI (274) esp_image: segment 5: paddr=00125600 vaddr=50000000 size=00024h (    36) load[0m
[0;32mI (286) boot: Loaded app from partition at offset 0x10000[0m
[0;32mI (286) boot: Disabling RNG early entropy source...[0m
[0;32mI (296) octal_psram: vendor id    : 0x0d (AP)[0m
[0;32mI (296) octal_psram: dev id       : 0x02 (generation 3)[0m
[0;32mI (297) octal_psram: density      : 0x03 (64 Mbit)[0m
[0;32mI (301) octal_psram: good-die     : 0x01 (Pass)[0m
[0;32mI (307) octal_psram: Latency      : 0x01 (Fixed)[0m
[0;32mI (312) octal_psram: VCC          : 0x01 (3V)[0m
[0;32mI (317) octal_psram: SRF          : 0x01 (Fast Refresh)[0m
[0;32mI (323) octal_psram: BurstType    : 0x01 (Hybrid Wrap)[0m
[0;32mI (329) octal_psram: BurstLen     : 0x01 (32 Byte)[0m
[0;32mI (334) octal_psram: Readlatency  : 0x02 (10 cycles@Fixed)[0m
[0;32mI (340) octal_psram: DriveStrength: 0x00 (1/1)[0m
[0;32mI (345) MSPI Timing: Enter psram timing tuning[0m
[0;32mI (351) esp_psram: Found 8MB PSRAM device[0m
[0;32mI (355) esp_psram: Speed: 80MHz[0m
[0;32mI (370) mmu_psram: Read only data copied and mapped to SPIRAM[0m
[0;32mI (425) mmu_psram: Instructions copied and mapped to SPIRAM[0m
[0;32mI (426) cpu_start: Multicore app[0m
[0;32mI (676) esp_psram: SPI SRAM memory test OK[0m
[0;32mI (684) cpu_start: GPIO 44 and 43 are used as console UART I/O pins[0m
[0;32mI (684) cpu_start: Pro cpu start user code[0m
[0;32mI (684) cpu_start: cpu freq: 240000000 Hz[0m
[0;32mI (689) app_init: Application information:[0m
[0;32mI (694) app_init: Project name:     esp32lvgl_demo[0m
[0;32mI (699) app_init: App version:      403af02-dirty[0m
[0;32mI (705) app_init: Compile time:     Dec 14 2025 23:55:09[0m
[0;32mI (710) app_init: ELF file SHA256:  c07a88d99...[0m
[0;32mI (716) app_init: ESP-IDF:          v6.1-dev-1245-gb5956e708e[0m
[0;32mI (722) efuse_init: Min chip rev:     v0.0[0m
[0;32mI (727) efuse_init: Max chip rev:     v0.99 [0m
[0;32mI (732) efuse_init: Chip rev:         v0.2[0m
[0;32mI (737) heap_init: Initializing. RAM available for dynamic allocation:[0m
[0;32mI (744) heap_init: At 3FCAB1D8 len 0003E538 (249 KiB): RAM[0m
[0;32mI (750) heap_init: At 3FCE9710 len 00005724 (21 KiB): RAM[0m
[0;32mI (756) heap_init: At 3FCF0000 len 00008000 (32 KiB): DRAM[0m
[0;32mI (762) heap_init: At 600FE000 len 00001FE8 (7 KiB): RTCRAM[0m
[0;32mI (769) esp_psram: Adding pool of 7168K of PSRAM memory to heap allocator[0m
[0;32mI (776) esp_psram: Adding pool of 18K of PSRAM memory gap generated due to end address alignment of drom to the heap allocator[0m
[0;32mI (788) spi_flash: detected chip: winbond[0m
[0;32mI (793) spi_flash: flash io: qio[0m
[0;33mW (797) spi_flash: Detected size(16384k) larger than the size in the binary image header(4096k). Using the size in the binary image header.[0m
[0;33mW (810) i2c: This driver is an old driver, please migrate your application code to adapt `driver/i2c_master.h`[0m
[0;32mI (821) sleep_gpio: Configure to isolate all GPIO pins in sleep state[0m
[0;32mI (828) sleep_gpio: Enable automatic switching of GPIO sleep configuration[0m
[0;32mI (836) main_task: Started on CPU0[0m
[0;32mI (840) esp_psram: Reserving pool of 32K of internal memory for DMA/internal allocations[0m
[0;32mI (849) main_task: Calling app_main()[0m
[0;32mI (1213) lcd_Model: 0xff[0m
[0;32mI (1220) pp: pp rom version: e7ae62f[0m
[0;32mI (1220) net80211: net80211 rom version: e7ae62f[0m
[0;32mI (1222) wifi:wifi driver task: 3fced45c, prio:23, stack:6656, core=0[0m
[0;32mI (1228) wifi:wifi firmware version: 3626b7d[0m
[0;32mI (1229) wifi:wifi certification version: v7.0[0m
[0;32mI (1233) wifi:config NVS flash: enabled[0m
[0;32mI (1236) wifi:config nano formatting: disabled[0m
[0;32mI (1241) wifi:Init data frame dynamic rx buffer num: 32[0m
[0;32mI (1246) wifi:Init static rx mgmt buffer num: 5[0m
[0;32mI (1250) wifi:Init management short buffer num: 32[0m
[0;32mI (1255) wifi:Init static tx buffer num: 16[0m
[0;32mI (1258) wifi:Init static tx FG buffer num: 2[0m
[0;32mI (1262) wifi:Init static rx buffer size: 1600[0m
[0;32mI (1266) wifi:Init static rx buffer num: 10[0m
[0;32mI (1270) wifi:Init dynamic rx buffer num: 32[0m
[0;32mI (1275) wifi_init: rx ba win: 6[0m
[0;32mI (1278) wifi_init: accept mbox: 6[0m
[0;32mI (1282) wifi_init: tcpip mbox: 32[0m
[0;32mI (1286) wifi_init: udp mbox: 6[0m
[0;32mI (1290) wifi_init: tcp mbox: 6[0m
[0;32mI (1294) wifi_init: tcp tx win: 5760[0m
[0;32mI (1298) wifi_init: tcp rx win: 5760[0m
[0;32mI (1303) wifi_init: tcp mss: 1440[0m
[0;32mI (1307) wifi_init: WiFi IRAM OP enabled[0m
[0;32mI (1311) wifi_init: WiFi RX IRAM OP enabled[0m
[0;32mI (1316) phy_init: phy_version 711,97bcf0a2,Aug 25 2025,19:04:10[0m
[0;32mI (1350) wifi:mode : sta (98:a3:16:d8:25:94)[0m
[0;32mI (1351) wifi:enable tsf[0m
[0;32mI (1352) example: Initialize SPI bus[0m
[0;32mI (1352) example: Install panel IO[0m
[0;32mI (1354) example: Install SH8601 panel driver[0m
[0;32mI (1359) sh8601: LCD panel create success, version: 2.0.1[0m
[0;32mI (1618) example: Initialize LVGL library[0m

assert failed: app_main example_qspi_with_ram.c:522 (buf2)


Backtrace: 0x40386cfd:0x3fcade50 0x40386cc9:0x3fcade70 0x4038504d:0x3fcade90 0x4200f16e:0x3fcadfb0 0x4200708f:0x3fcae220




ELF file SHA256: c07a88d99

Rebooting...
ESP-ROM:esp32s3-20210327
Build:Mar 27 2021
rst:0xc (RTC_SW_CPU_RST),boot:0x8 (SPI_FAST_FLASH_BOOT)
Saved PC:0x40386e8c
SPIWP:0xee
mode:DIO, clock div:1
load:0x3fce2820,len:0x16fc
load:0x403c8700,len:0xf38
load:0x403cb700,len:0x3234
entry 0x403c8930
[0;32mI (24) boot: ESP-IDF v6.1-dev-1245-gb5956e708e 2nd stage bootloader[0m
[0;32mI (24) boot: compile time Dec 14 2025 18:13:33[0m
[0;32mI (24) boot: Multicore bootloader[0m
[0;32mI (26) boot: chip revision: v0.2[0m
[0;32mI (29) boot: efuse block revision: v1.3[0m
[0;32mI (32) qio_mode: Enabling QIO for flash chip WinBond[0m
[0;32mI (37) boot.esp32s3: Boot SPI Speed : 80MHz[0m
[0;32mI (41) boot.esp32s3: SPI Mode       : QIO[0m
[0;32mI (45) boot.esp32s3: SPI Flash Size : 4MB[0m
[0;32mI (48) boot: Enabling RNG early entropy source...[0m
[0;32mI (53) boot: Partition Table:[0m
[0;32mI (55) boot: ## Label            Usage          Type ST Offset   Length[0m
[0;32mI (62) boot:  0 nvs              WiFi data        01 02 00009000 00006000[0m
[0;32mI (68) boot:  1 phy_init         RF data          01 01 0000f000 00001000[0m
[0;32mI (75) boot:  2 factory          factory app      00 00 00010000 00300000[0m
[0;32mI (81) boot: End of partition table[0m
[0;32mI (85) esp_image: segment 0: paddr=00010020 vaddr=3c0d0020 size=2b634h (177716) map[0m
[0;32mI (119) esp_image: segment 1: paddr=0003b65c vaddr=3fca1100 size=049bch ( 18876) load[0m
[0;32mI (123) esp_image: segment 2: paddr=00040020 vaddr=42000020 size=c7a30h (817712) map[0m
[0;32mI (247) esp_image: segment 3: paddr=00107a58 vaddr=3fca5abc size=00acch (  2764) load[0m
[0;32mI (248) esp_image: segment 4: paddr=0010852c vaddr=40374000 size=1d0cch (118988) load[0m
[0;32mI (274) esp_image: segment 5: paddr=00125600 vaddr=50000000 size=00024h (    36) load[0m
[0;32mI (286) boot: Loaded app from partition at offset 0x10000[0m
[0;32mI (286) boot: Disabling RNG early entropy source...[0m
[0;32mI (296) octal_psram: vendor id    : 0x0d (AP)[0m
[0;32mI (296) octal_psram: dev id       : 0x02 (generation 3)[0m
[0;32mI (297) octal_psram: density      : 0x03 (64 Mbit)[0m
[0;32mI (301) octal_psram: good-die     : 0x01 (Pass)[0m
[0;32mI (307) octal_psram: Latency      : 0x01 (Fixed)[0m
[0;32mI (312) octal_psram: VCC          : 0x01 (3V)[0m
[0;32mI (317) octal_psram: SRF          : 0x01 (Fast Refresh)[0m
[0;32mI (323) octal_psram: BurstType    : 0x01 (Hybrid Wrap)[0m
[0;32mI (329) octal_psram: BurstLen     : 0x01 (32 Byte)[0m
[0;32mI (334) octal_psram: Readlatency  : 0x02 (10 cycles@Fixed)[0m
[0;32mI (340) octal_psram: DriveStrength: 0x00 (1/1)[0m
[0;32mI (345) MSPI Timing: Enter psram timing tuning[0m
[0;32mI (351) esp_psram: Found 8MB PSRAM device[0m
[0;32mI (355) esp_psram: Speed: 80MHz[0m
[0;32mI (370) mmu_psram: Read only data copied and mapped to SPIRAM[0m
[0;32mI (425) mmu_psram: Instructions copied and mapped to SPIRAM[0m
[0;32mI (426) cpu_start: Multicore app[0m
[0;32mI (676) esp_psram: SPI SRAM memory test OK[0m
[0;32mI (684) cpu_start: GPIO 44 and 43 are used as console UART I/O pins[0m
[0;32mI (684) cpu_start: Pro cpu start user code[0m
[0;32mI (684) cpu_start: cpu freq: 240000000 Hz[0m
[0;32mI (689) app_init: Application information:[0m
[0;32mI (694) app_init: Project name:     esp32lvgl_demo[0m
[0;32mI (699) app_init: App version:      403af02-dirty[0m
[0;32mI (705) app_init: Compile time:     Dec 14 2025 23:55:09[0m
[0;32mI (710) app_init: ELF file SHA256:  c07a88d99...[0m
[0;32mI (716) app_init: ESP-IDF:          v6.1-dev-1245-gb5956e708e[0m
[0;32mI (722) efuse_init: Min chip rev:     v0.0[0m
[0;32mI (727) efuse_init: Max chip rev:     v0.99 [0m
[0;32mI (732) efuse_init: Chip rev:         v0.2[0m
[0;32mI (737) heap_init: Initializing. RAM available for dynamic allocation:[0m
[0;32mI (744) heap_init: At 3FCAB1D8 len 0003E538 (249 KiB): RAM[0m
[0;32mI (750) heap_init: At 3FCE9710 len 00005724 (21 KiB): RAM[0m
[0;32mI (756) heap_init: At 3FCF0000 len 00008000 (32 KiB): DRAM[0m
[0;32mI (762) heap_init: At 600FE000 len 00001FE8 (7 KiB): RTCRAM[0m
[0;32mI (769) esp_psram: Adding pool of 7168K of PSRAM memory to heap allocator[0m
[0;32mI (776) esp_psram: Adding pool of 18K of PSRAM memory gap generated due to end address alignment of drom to the heap allocator[0m
[0;32mI (788) spi_flash: detected chip: winbond[0m
[0;32mI (793) spi_flash: flash io: qio[0m
[0;33mW (797) spi_flash: Detected size(16384k) larger than the size in the binary image header(4096k). Using the size in the binary image header.[0m
[0;33mW (810) i2c: This driver is an old driver, please migrate your application code to adapt `driver/i2c_master.h`[0m
[0;32mI (821) sleep_gpio: Configure to isolate all GPIO pins in sleep state[0m
[0;32mI (828) sleep_gpio: Enable automatic switching of GPIO sleep configuration[0m
[0;32mI (836) main_task: Started on CPU0[0m
[0;32mI (840) esp_psram: Reserving pool of 32K of internal memory for DMA/internal allocations[0m
[0;32mI (849) main_task: Calling app_main()[0m
[0;32mI (1213) lcd_Model: 0xff[0m
[0;32mI (1220) pp: pp rom version: e7ae62f[0m
[0;32mI (1220) net80211: net80211 rom version: e7ae62f[0m
[0;32mI (1222) wifi:wifi driver task: 3fced45c, prio:23, stack:6656, core=0[0m
[0;32mI (1228) wifi:wifi firmware version: 3626b7d[0m
[0;32mI (1229) wifi:wifi certification version: v7.0[0m
[0;32mI (1233) wifi:config NVS flash: enabled[0m
[0;32mI (1236) wifi:config nano formatting: disabled[0m
[0;32mI (1241) wifi:Init data frame dynamic rx buffer num: 32[0m
[0;32mI (1246) wifi:Init static rx mgmt buffer num: 5[0m
[0;32mI (1250) wifi:Init management short buffer num: 32[0m
[0;32mI (1255) wifi:Init static tx buffer num: 16[0m
[0;32mI (1258) wifi:Init static tx FG buffer num: 2[0m
[0;32mI (1262) wifi:Init static rx buffer size: 1600[0m
[0;32mI (1266) wifi:Init static rx buffer num: 10[0m
[0;32mI (1270) wifi:Init dynamic rx buffer num: 32[0m
[0;32mI (1275) wifi_init: rx ba win: 6[0m
[0;32mI (1278) wifi_init: accept mbox: 6[0m
[0;32mI (1282) wifi_init: tcpip mbox: 32[0m
[0;32mI (1286) wifi_init: udp mbox: 6[0m
[0;32mI (1290) wifi_init: tcp mbox: 6[0m
[0;32mI (1294) wifi_init: tcp tx win: 5760[0m
[0;32mI (1298) wifi_init: tcp rx win: 5760[0m
[0;32mI (1303) wifi_init: tcp mss: 1440[0m
[0;32mI (1307) wifi_init: WiFi IRAM OP enabled[0m
[0;32mI (1311) wifi_init: WiFi RX IRAM OP enabled[0m
[0;32mI (1316) phy_init: phy_version 711,97bcf0a2,Aug 25 2025,19:04:10[0m
[0;32mI (1350) wifi:mode : sta (98:a3:16:d8:25:94)[0m
[0;32mI (1350) wifi:enable tsf[0m
[0;32mI (1352) example: Initialize SPI bus[0m
[0;32mI (1352) example: Install panel IO[0m
[0;32mI (1354) example: Install SH8601 panel driver[0m
[0;32mI (1359) sh8601: LCD panel create success, version: 2.0.1[0m
[0;32mI (1618) example: Initialize LVGL library[0m

assert failed: app_main example_qspi_with_ram.c:522 (buf2)


Backtrace: 0x40386cfd:0x3fcade50 0x40386cc9:0x3fcade70 0x4038504d:0x3fcade90 0x4200f16e:0x3fcadfb0 0x4200708f:0x3fcae220




ELF file SHA256: c07a88d99

Rebooting...
ESP-ROM:esp32s3-20210327
Build:Mar 27 2021
rst:0xc (RTC_SW_CPU_RST),boot:0x8 (SPI_FAST_FLASH_BOOT)
Saved PC:0x40386e8c
SPIWP:0xee
mode:DIO, clock div:1
load:0x3fce2820,len:0x16fc
load:0x403c8700,len:0xf38
load:0x403cb700,len:0x3234
entry 0x403c8930
[0;32mI (24) boot: ESP-IDF v6.1-dev-1245-gb5956e708e 2nd stage bootloader[0m
[0;32mI (24) boot: compile time Dec 14 2025 18:13:33[0m
[0;32mI (24) boot: Multicore bootloader[0m
[0;32mI (26) boot: chip revision: v0.2[0m
[0;32mI (29) boot: efuse block revision: v1.3[0m
[0;32mI (32) qio_mode: Enabling QIO for flash chip WinBond[0m
[0;32mI (37) boot.esp32s3: Boot SPI Speed : 80MHz[0m
[0;32mI (41) boot.esp32s3: SPI Mode       : QIO[0m
[0;32mI (45) boot.esp32s3: SPI Flash Size : 4MB[0m
[0;32mI (48) boot: Enabling RNG early entropy source...[0m
[0;32mI (53) boot: Partition Table:[0m
[0;32mI (55) boot: ## Label            Usage          Type ST Offset   Length[0m
[0;32mI (62) boot:  0 nvs              WiFi data        01 02 00009000 00006000[0m
[0;32mI (68) boot:  1 phy_init         RF data          01 01 0000f000 00001000[0m
[0;32mI (75) boot:  2 factory          factory app      00 00 00010000 00300000[0m
[0;32mI (81) boot: End of partition table[0m
[0;32mI (85) esp_image: segment 0: paddr=00010020 vaddr=3c0d0020 size=2b634h (177716) map[0m
[0;32mI (119) esp_image: segment 1: paddr=0003b65c vaddr=3fca1100 size=049bch ( 18876) load[0m
[0;32mI (123) esp_image: segment 2: paddr=00040020 vaddr=42000020 size=c7a30h (817712) map[0m
[0;32mI (247) esp_image: segment 3: paddr=00107a58 vaddr=3fca5abc size=00acch (  2764) load[0m
[0;32mI (248) esp_image: segment 4: paddr=0010852c vaddr=40374000 size=1d0cch (118988) load[0m
[0;32mI (274) esp_image: segment 5: paddr=00125600 vaddr=50000000 size=00024h (    36) load[0m
[0;32mI (286) boot: Loaded app from partition at offset 0x10000[0m
[0;32mI (286) boot: Disabling RNG early entropy source...[0m
[0;32mI (296) octal_psram: vendor id    : 0x0d (AP)[0m
[0;32mI (296) octal_psram: dev id       : 0x02 (generation 3)[0m
[0;32mI (297) octal_psram: density      : 0x03 (64 Mbit)[0m
[0;32mI (301) octal_psram: good-die     : 0x01 (Pass)[0m
[0;32mI (307) octal_psram: Latency      : 0x01 (Fixed)[0m
[0;32mI (312) octal_psram: VCC          : 0x01 (3V)[0m
[0;32mI (317) octal_psram: SRF          : 0x01 (Fast Refresh)[0m
[0;32mI (323) octal_psram: BurstType    : 0x01 (Hybrid Wrap)[0m
[0;32mI (329) octal_psram: BurstLen     : 0x01 (32 Byte)[0m
[0;32mI (334) octal_psram: Readlatency  : 0x02 (10 cycles@Fixed)[0m
[0;32mI (340) octal_psram: DriveStrength: 0x00 (1/1)[0m
[0;32mI (345) MSPI Timing: Enter psram timing tuning[0m
[0;32mI (351) esp_psram: Found 8MB PSRAM device[0m
[0;32mI (355) esp_psram: Speed: 80MHz[0m
[0;32mI (370) mmu_psram: Read only data copied and mapped to SPIRAM[0m
[0;32mI (425) mmu_psram: Instructions copied and mapped to SPIRAM[0m
[0;32mI (426) cpu_start: Multicore app[0m
[0;32mI (676) esp_psram: SPI SRAM memory test OK[0m
[0;32mI (684) cpu_start: GPIO 44 and 43 are used as console UART I/O pins[0m
[0;32mI (684) cpu_start: Pro cpu start user code[0m
[0;32mI (684) cpu_start: cpu freq: 240000000 Hz[0m
[0;32mI (689) app_init: Application information:[0m
[0;32mI (694) app_init: Project name:     esp32lvgl_demo[0m
[0;32mI (699) app_init: App version:      403af02-dirty[0m
[0;32mI (705) app_init: Compile time:     Dec 14 2025 23:55:09[0m
[0;32mI (710) app_init: ELF file SHA256:  c07a88d99...[0m
[0;32mI (716) app_init: ESP-IDF:          v6.1-dev-1245-gb5956e708e[0m
[0;32mI (722) efuse_init: Min chip rev:     v0.0[0m
[0;32mI (727) efuse_init: Max chip rev:     v0.99 [0m
[0;32mI (732) efuse_init: Chip rev:         v0.2[0m
[0;32mI (737) heap_init: Initializing. RAM available for dynamic allocation:[0m
[0;32mI (744) heap_init: At 3FCAB1D8 len 0003E538 (249 KiB): RAM[0m
[0;32mI (750) heap_init: At 3FCE9710 len 00005724 (21 KiB): RAM[0m
[0;32mI (756) heap_init: At 3FCF0000 len 00008000 (32 KiB): DRAM[0m
[0;32mI (762) heap_init: At 600FE000 len 00001FE8 (7 KiB): RTCRAM[0m
[0;32mI (769) esp_psram: Adding pool of 7168K of PSRAM memory to heap allocator[0m
[0;32mI (776) esp_psram: Adding pool of 18K of PSRAM memory gap generated due to end address alignment of drom to the heap allocator[0m
[0;32mI (788) spi_flash: detected chip: winbond[0m
[0;32mI (793) spi_flash: flash io: qio[0m
[0;33mW (797) spi_flash: Detected size(16384k) larger than the size in the binary image header(4096k). Using the size in the binary image header.[0m
[0;33mW (810) i2c: This driver is an old driver, please migrate your application code to adapt `driver/i2c_master.h`[0m
[0;32mI (821) sleep_gpio: Configure to isolate all GPIO pins in sleep state[0m
[0;32mI (828) sleep_gpio: Enable automatic switching of GPIO sleep configuration[0m
[0;32mI (836) main_task: Started on CPU0[0m
[0;32mI (840) esp_psram: Reserving pool of 32K of internal memory for DMA/internal allocations[0m
[0;32mI (849) main_task: Calling app_main()[0m
[0;32mI (1213) lcd_Model: 0xff[0m
[0;32mI (1220) pp: pp rom version: e7ae62f[0m
[0;32mI (1220) net80211: net80211 rom version: e7ae62f[0m
[0;32mI (1222) wifi:wifi driver task: 3fced45c, prio:23, stack:6656, core=0[0m
[0;32mI (1228) wifi:wifi firmware version: 3626b7d[0m
[0;32mI (1229) wifi:wifi certification version: v7.0[0m
[0;32mI (1233) wifi:config NVS flash: enabled[0m
[0;32mI (1236) wifi:config nano formatting: disabled[0m
[0;32mI (1241) wifi:Init data frame dynamic rx buffer num: 32[0m
[0;32mI (1246) wifi:Init static rx mgmt buffer num: 5[0m
[0;32mI (1250) wifi:Init management short buffer num: 32[0m
[0;32mI (1255) wifi:Init static tx buffer num: 16[0m
[0;32mI (1258) wifi:Init static tx FG buffer num: 2[0m
[0;32mI (1262) wifi:Init static rx buffer size: 1600[0m
[0;32mI (1266) wifi:Init static rx buffer num: 10[0m
[0;32mI (1270) wifi:Init dynamic rx buffer num: 32[0m
[0;32mI (1275) wifi_init: rx ba win: 6[0m
[0;32mI (1278) wifi_init: accept mbox: 6[0m
[0;32mI (1282) wifi_init: tcpip mbox: 32[0m
[0;32mI (1286) wifi_init: udp mbox: 6[0m
[0;32mI (1290) wifi_init: tcp mbox: 6[0m
[0;32mI (1294) wifi_init: tcp tx win: 5760[0m
[0;32mI (1298) wifi_init: tcp rx win: 5760[0m
[0;32mI (1303) wifi_init: tcp mss: 1440[0m
[0;32mI (1307) wifi_init: WiFi IRAM OP enabled[0m
[0;32mI (1311) wifi_init: WiFi RX IRAM OP enabled[0m
[0;32mI (1316) phy_init: phy_version 711,97bcf0a2,Aug 25 2025,19:04:10[0m
[0;32mI (1350) wifi:mode : sta (98:a3:16:d8:25:94)[0m
[0;32mI (1350) wifi:enable tsf[0m
[0;32mI (1351) example: Initialize SPI bus[0m
[0;32mI (1352) example: Install panel IO[0m
[0;32mI (1354) example: Install SH8601 panel driver[0m
[0;32mI (1359) sh8601: LCD panel create success, version: 2.0.1[0m
[0;32mI (1618) example: Initialize LVGL library[0m

assert failed: app_main example_qspi_with_ram.c:522 (buf2)


Backtrace: 0x40386cfd:0x3fcade50 0x40386cc9:0x3fcade70 0x4038504d:0x3fcade90 0x4200f16e:0x3fcadfb0 0x4200708f:0x3fcae220




ELF file SHA256: c07a88d99

Rebooting...
ESP-ROM:esp32s3-20210327
Build:Mar 27 2021
rst:0xc (RTC_SW_CPU_RST),boot:0x8 (SPI_FAST_FLASH_BOOT)
Saved PC:0x40386e8c
SPIWP:0xee
mode:DIO, clock div:1
load:0x3fce2820,len:0x16fc
load:0x403c8700,len:0xf38
load:0x403cb700,len:0x3234
entry 0x403c8930
[0;32mI (24) boot: ESP-IDF v6.1-dev-1245-gb5956e708e 2nd stage bootloader[0m
[0;32mI (24) boot: compile time Dec 14 2025 18:13:33[0m
[0;32mI (24) boot: Multicore bootloader[0m
[0;32mI (26) boot: chip revision: v0.2[0m
[0;32mI (29) boot: efuse block revision: v1.3[0m
[0;32mI (32) qio_mode: Enabling QIO for flash chip WinBond[0m
[0;32mI (37) boot.esp32s3: Boot SPI Speed : 80MHz[0m
[0;32mI (41) boot.esp32s3: SPI Mode       : QIO[0m
[0;32mI (45) boot.esp32s3: SPI Flash Size : 4MB[0m
[0;32mI (48) boot: Enabling RNG early entropy source...[0m
[0;32mI (53) boot: Partition Table:[0m
[0;32mI (55) boot: ## Label            Usage          Type ST Offset   Length[0m
[0;32mI (62) boot:  0 nvs              WiFi data        01 02 00009000 00006000[0m
[0;32mI (68) boot:  1 phy_init         RF data          01 01 0000f000 00001000[0m
[0;32mI (75) boot:  2 factory          factory app      00 00 00010000 00300000[0m
[0;32mI (81) boot: End of partition table[0m
[0;32mI (85) esp_image: segment 0: paddr=00010020 vaddr=3c0d0020 size=2b634h (177716) map[0m
[0;32mI (119) esp_image: segment 1: paddr=0003b65c vaddr=3fca1100 size=049bch ( 18876) load[0m
[0;32mI (123) esp_image: segment 2: paddr=00040020 vaddr=42000020 size=c7a30h (817712) map[0m
[0;32mI (247) esp_image: segment 3: paddr=00107a58 vaddr=3fca5abc size=00acch (  2764) load[0m
[0;32mI (248) esp_image: segment 4: paddr=0010852c vaddr=40374000 size=1d0cch (118988) load[0m
[0;32mI (274) esp_image: segment 5: paddr=00125600 vaddr=50000000 size=00024h (    36) load[0m
[0;32mI (286) boot: Loaded app from partition at offset 0x10000[0m
[0;32mI (286) boot: Disabling RNG early entropy source...[0m
[0;32mI (296) octal_psram: vendor id    : 0x0d (AP)[0m
[0;32mI (296) octal_psram: dev id       : 0x02 (generation 3)[0m
[0;32mI (297) octal_psram: density      : 0x03 (64 Mbit)[0m
[0;32mI (301) octal_psram: good-die     : 0x01 (Pass)[0m
[0;32mI (307) octal_psram: Latency      : 0x01 (Fixed)[0m
[0;32mI (312) octal_psram: VCC          : 0x01 (3V)[0m
[0;32mI (317) octal_psram: SRF          : 0x01 (Fast Refresh)[0m
[0;32mI (323) octal_psram: BurstType    : 0x01 (Hybrid Wrap)[0m
[0;32mI (329) octal_psram: BurstLen     : 0x01 (32 Byte)[0m
[0;32mI (334) octal_psram: Readlatency  : 0x02 (10 cycles@Fixed)[0m
[0;32mI (340) octal_psram: DriveStrength: 0x00 (1/1)[0m
[0;32mI (345) MSPI Timing: Enter psram timing tuning[0m
[0;32mI (351) esp_psram: Found 8MB PSRAM device[0m
[0;32mI (355) esp_psram: Speed: 80MHz[0m
[0;32mI (370) mmu_psram: Read only data copied and mapped to SPIRAM[0m
[0;32mI (425) mmu_psram: Instructions copied and mapped to SPIRAM[0m
[0;32mI (426) cpu_start: Multicore app[0m
[0;32mI (676) esp_psram: SPI SRAM memory test OK[0m
[0;32mI (684) cpu_start: GPIO 44 and 43 are used as console UART I/O pins[0m
[0;32mI (684) cpu_start: Pro cpu start user code[0m
[0;32mI (684) cpu_start: cpu freq: 240000000 Hz[0m
[0;32mI (689) app_init: Application information:[0m
[0;32mI (694) app_init: Project name:     esp32lvgl_demo[0m
[0;32mI (699) app_init: App version:      403af02-dirty[0m
[0;32mI (705) app_init: Compile time:     Dec 14 2025 23:55:09[0m
[0;32mI (710) app_init: ELF file SHA256:  c07a88d99...[0m
[0;32mI (716) app_init: ESP-IDF:          v6.1-dev-1245-gb5956e708e[0m
[0;32mI (722) efuse_init: Min chip rev:     v0.0[0m
[0;32mI (727) efuse_init: Max chip rev:     v0.99 [0m
[0;32mI (732) efuse_init: Chip rev:         v0.2[0m
[0;32mI (737) heap_init: Initializing. RAM available for dynamic allocation:[0m
[0;32mI (744) heap_init: At 3FCAB1D8 len 0003E538 (249 KiB): RAM[0m
[0;32mI (750) heap_init: At 3FCE9710 len 00005724 (21 KiB): RAM[0m
[0;32mI (756) heap_init: At 3FCF0000 len 00008000 (32 KiB): DRAM[0m
[0;32mI (762) heap_init: At 600FE000 len 00001FE8 (7 KiB): RTCRAM[0m
[0;32mI (769) esp_psram: Adding pool of 7168K of PSRAM memory to heap allocator[0m
[0;32mI (776) esp_psram: Adding pool of 18K of PSRAM memory gap generated due to end address alignment of drom to the heap allocator[0m
[0;32mI (788) spi_flash: detected chip: winbond[0m
[0;32mI (793) spi_flash: flash io: qio[0m
[0;33mW (797) spi_flash: Detected size(16384k) larger than the size in the binary image header(4096k). Using the size in the binary image header.[0m
[0;33mW (810) i2c: This driver is an old driver, please migrate your application code to adapt `driver/i2c_master.h`[0m
[0;32mI (821) sleep_gpio: Configure to isolate all GPIO pins in sleep state[0m
[0;32mI (828) sleep_gpio: Enable automatic switching of GPIO sleep configuration[0m
[0;32mI (836) main_task: Started on CPU0[0m
[0;32mI (840) esp_psram: Reserving pool of 32K of internal memory for DMA/internal allocations[0m
[0;32mI (849) main_task: Calling app_main()[0m
[0;32mI (1213) lcd_Model: 0xff[0m
[0;32mI (1220) pp: pp rom version: e7ae62f[0m
[0;32mI (1220) net80211: net80211 rom version: e7ae62f[0m
[0;32mI (1222) wifi:wifi driver task: 3fced45c, prio:23, stack:6656, core=0[0m
[0;32mI (1228) wifi:wifi firmware version: 3626b7d[0m
[0;32mI (1229) wifi:wifi certification version: v7.0[0m
[0;32mI (1233) wifi:config NVS flash: enabled[0m
[0;32mI (1236) wifi:config nano formatting: disabled[0m
[0;32mI (1241) wifi:Init data frame dynamic rx buffer num: 32[0m
[0;32mI (1246) wifi:Init static rx mgmt buffer num: 5[0m
[0;32mI (1250) wifi:Init management short buffer num: 32[0m
[0;32mI (1255) wifi:Init static tx buffer num: 16[0m
[0;32mI (1258) wifi:Init static tx FG buffer num: 2[0m
[0;32mI (1262) wifi:Init static rx buffer size: 1600[0m
[0;32mI (1266) wifi:Init static rx buffer num: 10[0m
[0;32mI (1270) wifi:Init dynamic rx buffer num: 32[0m
[0;32mI (1275) wifi_init: rx ba win: 6[0m
[0;32mI (1278) wifi_init: accept mbox: 6[0m
[0;32mI (1282) wifi_init: tcpip mbox: 32[0m
[0;32mI (1286) wifi_init: udp mbox: 6[0m
[0;32mI (1290) wifi_init: tcp mbox: 6[0m
[0;32mI (1294) wifi_init: tcp tx win: 5760[0m
[0;32mI (1298) wifi_init: tcp rx win: 5760[0m
[0;32mI (1303) wifi_init: tcp mss: 1440[0m
[0;32mI (1307) wifi_init: WiFi IRAM OP enabled[0m
[0;32mI (1311) wifi_init: WiFi RX IRAM OP enabled[0m
[0;32mI (1316) phy_init: phy_version 711,97bcf0a2,Aug 25 2025,19:04:10[0m
[0;32mI (1350) wifi:mode : sta (98:a3:16:d8:25:94)[0m
[0;32mI (1350) wifi:enable tsf[0m
[0;32mI (1351) example: Initialize SPI bus[0m
[0;32mI (1352) example: Install panel IO[0m
[0;32mI (1354) example: Install SH8601 panel driver[0m
[0;32mI (1359) sh8601: LCD panel create success, version: 2.0.1[0m
[0;32mI (1618) example: Initialize LVGL library[0m

assert failed: app_main example_qspi_with_ram.c:522 (buf2)


Backtrace: 0x40386cfd:0x3fcade50 0x40386cc9:0x3fcade70 0x4038504d:0x3fcade90 0x4200f16e:0x3fcadfb0 0x4200708f:0x3fcae220




ELF file SHA256: c07a88d99

Rebooting...
ESP-ROM:esp32s3-20210327
Build:Mar 27 2021
rst:0xc (RTC_SW_CPU_RST),boot:0x8 (SPI_FAST_FLASH_BOOT)
Saved PC:0x40386e8c
SPIWP:0xee
mode:DIO, clock div:1
load:0x3fce2820,len:0x16fc
load:0x403c8700,len:0xf38
load:0x403cb700,len:0x3234
entry 0x403c8930
[0;32mI (24) boot: ESP-IDF v6.1-dev-1245-gb5956e708e 2nd stage bootloader[0m
[0;32mI (24) boot: compile time Dec 14 2025 18:13:33[0m
[0;32mI (24) boot: Multicore bootloader[0m
[0;32mI (26) boot: chip revision: v0.2[0m
[0;32mI (29) boot: efuse block revision: v1.3[0m
[0;32mI (32) qio_mode: Enabling QIO for flash chip WinBond[0m
[0;32mI (37) boot.esp32s3: Boot SPI Speed : 80MHz[0m
[0;32mI (41) boot.esp32s3: SPI Mode       : QIO[0m
[0;32mI (45) boot.esp32s3: SPI Flash Size : 4MB[0m
[0;32mI (48) boot: Enabling RNG early entropy source...[0m
[0;32mI (53) boot: Partition Table:[0m
[0;32mI (55) boot: ## Label            Usage          Type ST Offset   Length[0m
[0;32mI (62) boot:  0 nvs              WiFi data        01 02 00009000 00006000[0m
[0;32mI (68) boot:  1 phy_init         RF data          01 01 0000f000 00001000[0m
[0;32mI (75) boot:  2 factory          factory app      00 00 00010000 00300000[0m
[0;32mI (81) boot: End of partition table[0m
[0;32mI (85) esp_image: segment 0: paddr=00010020 vaddr=3c0d0020 size=2b634h (177716) map[0m
[0;32mI (119) esp_image: segment 1: paddr=0003b65c vaddr=3fca1100 size=049bch ( 18876) load[0m
[0;32mI (123) esp_image: segment 2: paddr=00040020 vaddr=42000020 size=c7a30h (817712) map[0m
[0;32mI (247) esp_image: segment 3: paddr=00107a58 vaddr=3fca5abc size=00acch (  2764) load[0m
[0;32mI (248) esp_image: segment 4: paddr=0010852c vaddr=40374000 size=1d0cch (118988) load[0m
[0;32mI (274) esp_image: segment 5: paddr=00125600 vaddr=50000000 size=00024h (    36) load[0m
[0;32mI (286) boot: Loaded app from partition at offset 0x10000[0m
[0;32mI (286) boot: Disabling RNG early entropy source...[0m
[0;32mI (296) octal_psram: vendor id    : 0x0d (AP)[0m
[0;32mI (296) octal_psram: dev id       : 0x02 (generation 3)[0m
[0;32mI (297) octal_psram: density      : 0x03 (64 Mbit)[0m
[0;32mI (302) octal_psram: good-die     : 0x01 (Pass)[0m
[0;32mI (307) octal_psram: Latency      : 0x01 (Fixed)[0m
[0;32mI (312) octal_psram: VCC          : 0x01 (3V)[0m
[0;32mI (317) octal_psram: SRF          : 0x01 (Fast Refresh)[0m
[0;32mI (323) octal_psram: BurstType    : 0x01 (Hybrid Wrap)[0m
[0;32mI (329) octal_psram: BurstLen     : 0x01 (32 Byte)[0m
[0;32mI (334) octal_psram: Readlatency  : 0x02 (10 cycles@Fixed)[0m
[0;32mI (340) octal_psram: DriveStrength: 0x00 (1/1)[0m
[0;32mI (346) MSPI Timing: Enter psram timing tuning[0m
[0;32mI (351) esp_psram: Found 8MB PSRAM device[0m
[0;32mI (355) esp_psram: Speed: 80MHz[0m
[0;32mI (370) mmu_psram: Read only data copied and mapped to SPIRAM[0m
[0;32mI (425) mmu_psram: Instructions copied and mapped to SPIRAM[0m
[0;32mI (426) cpu_start: Multicore app[0m
[0;32mI (676) esp_psram: SPI SRAM memory test OK[0m
[0;32mI (684) cpu_start: GPIO 44 and 43 are used as console UART I/O pins[0m
[0;32mI (684) cpu_start: Pro cpu start user code[0m
[0;32mI (684) cpu_start: cpu freq: 240000000 Hz[0m
[0;32mI (689) app_init: Application information:[0m
[0;32mI (694) app_init: Project name:     esp32lvgl_demo[0m
[0;32mI (699) app_init: App version:      403af02-dirty[0m
[0;32mI (705) app_init: Compile time:     Dec 14 2025 23:55:09[0m
[0;32mI (711) app_init: ELF file SHA256:  c07a88d99...[0m
[0;32mI (716) app_init: ESP-IDF:          v6.1-dev-1245-gb5956e708e[0m
[0;32mI (722) efuse_init: Min chip rev:     v0.0[0m
[0;32mI (727) efuse_init: Max chip rev:     v0.99 [0m
[0;32mI (732) efuse_init: Chip rev:         v0.2[0m
[0;32mI (737) heap_init: Initializing. RAM available for dynamic allocation:[0m
[0;32mI (744) heap_init: At 3FCAB1D8 len 0003E538 (249 KiB): RAM[0m
[0;32mI (750) heap_init: At 3FCE9710 len 00005724 (21 KiB): RAM[0m
[0;32mI (756) heap_init: At 3FCF0000 len 00008000 (32 KiB): DRAM[0m
[0;32mI (763) heap_init: At 600FE000 len 00001FE8 (7 KiB): RTCRAM[0m
[0;32mI (769) esp_psram: Adding pool of 7168K of PSRAM memory to heap allocator[0m
[0;32mI (776) esp_psram: Adding pool of 18K of PSRAM memory gap generated due to end address alignment of drom to the heap allocator[0m
[0;32mI (789) spi_flash: detected chip: winbond[0m
[0;32mI (793) spi_flash: flash io: qio[0m
[0;33mW (797) spi_flash: Detected size(16384k) larger than the size in the binary image header(4096k). Using the size in the binary image header.[0m
[0;33mW (810) i2c: This driver is an old driver, please migrate your application code to adapt `driver/i2c_master.h`[0m
[0;32mI (821) sleep_gpio: Configure to isolate all GPIO pins in sleep state[0m
[0;32mI (828) sleep_gpio: Enable automatic switching of GPIO sleep configuration[0m
[0;32mI (836) main_task: Started on CPU0[0m
[0;32mI (840) esp_psram: Reserving pool of 32K of internal memory for DMA/internal allocations[0m
[0;32mI (849) main_task: Calling app_main()[0m
[0;32mI (1213) lcd_Model: 0xff[0m
[0;32mI (1220) pp: pp rom version: e7ae62f[0m
[0;32mI (1220) net80211: net80211 rom version: e7ae62f[0m
[0;32mI (1222) wifi:wifi driver task: 3fced45c, prio:23, stack:6656, core=0[0m
[0;32mI (1228) wifi:wifi firmware version: 3626b7d[0m
[0;32mI (1229) wifi:wifi certification version: v7.0[0m
[0;32mI (1233) wifi:config NVS flash: enabled[0m
[0;32mI (1236) wifi:config nano formatting: disabled[0m
[0;32mI (1241) wifi:Init data frame dynamic rx buffer num: 32[0m
[0;32mI (1246) wifi:Init static rx mgmt buffer num: 5[0m
[0;32mI (1250) wifi:Init management short buffer num: 32[0m
[0;32mI (1255) wifi:Init static tx buffer num: 16[0m
[0;32mI (1258) wifi:Init static tx FG buffer num: 2[0m
[0;32mI (1262) wifi:Init static rx buffer size: 1600[0m
[0;32mI (1266) wifi:Init static rx buffer num: 10[0m
[0;32mI (1270) wifi:Init dynamic rx buffer num: 32[0m
[0;32mI (1275) wifi_init: rx ba win: 6[0m
[0;32mI (1278) wifi_init: accept mbox: 6[0m
[0;32mI (1282) wifi_init: tcpip mbox: 32[0m
[0;32mI (1286) wifi_init: udp mbox: 6[0m
[0;32mI (1290) wifi_init: tcp mbox: 6[0m
[0;32mI (1294) wifi_init: tcp tx win: 5760[0m
[0;32mI (1298) wifi_init: tcp rx win: 5760[0m
[0;32mI (1303) wifi_init: tcp mss: 1440[0m
[0;32mI (1307) wifi_init: WiFi IRAM OP enabled[0m
[0;32mI (1311) wifi_init: WiFi RX IRAM OP enabled[0m
[0;32mI (1316) phy_init: phy_version 711,97bcf0a2,Aug 25 2025,19:04:10[0m
[0;32mI (1350) wifi:mode : sta (98:a3:16:d8:25:94)[0m
[0;32mI (1350) wifi:enable tsf[0m
[0;32mI (1351) example: Initialize SPI bus[0m
[0;32mI (1352) example: Install panel IO[0m
[0;32mI (1354) example: Install SH8601 panel driver[0m
[0;32mI (1359) sh8601: LCD panel create success, version: 2.0.1[0m
[0;32mI (1618) example: Initialize LVGL library[0m

assert failed: app_main example_qspi_with_ram.c:522 (buf2)


Backtrace: 0x40386cfd:0x3fcade50 0x40386cc9:0x3fcade70 0x4038504d:0x3fcade90 0x4200f16e:0x3fcadfb0 0x4200708f:0x3fcae220




ELF file SHA256: c07a88d99

Rebooting...
ESP-ROM:esp32s3-20210327
Build:Mar 27 2021
rst:0xc (RTC_SW_CPU_RST),boot:0x8 (SPI_FAST_FLASH_BOOT)
Saved PC:0x40386e8c
SPIWP:0xee
mode:DIO, clock div:1
load:0x3fce2820,len:0x16fc
load:0x403c8700,len:0xf38
load:0x403cb700,len:0x3234
entry 0x403c8930
[0;32mI (24) boot: ESP-IDF v6.1-dev-1245-gb5956e708e 2nd stage bootloader[0m
[0;32mI (24) boot: compile time Dec 14 2025 18:13:33[0m
[0;32mI (24) boot: Multicore bootloader[0m
[0;32mI (26) boot: chip revision: v0.2[0m
[0;32mI (29) boot: efuse block revision: v1.3[0m
[0;32mI (32) qio_mode: Enabling QIO for flash chip WinBond[0m
[0;32mI (37) boot.esp32s3: Boot SPI Speed : 80MHz[0m
[0;32mI (41) boot.esp32s3: SPI Mode       : QIO[0m
[0;32mI (45) boot.esp32s3: SPI Flash Size : 4MB[0m
[0;32mI (48) boot: Enabling RNG early entropy source...[0m
[0;32mI (53) boot: Partition Table:[0m
[0;32mI (55) boot: ## Label            Usage          Type ST Offset   Length[0m
[0;32mI (62) boot:  0 nvs              WiFi data        01 02 00009000 00006000[0m
[0;32mI (68) boot:  1 phy_init         RF data          01 01 0000f000 00001000[0m
[0;32mI (75) boot:  2 factory          factory app      00 00 00010000 00300000[0m
[0;32mI (81) boot: End of partition table[0m
[0;32mI (85) esp_image: segment 0: paddr=00010020 vaddr=3c0d0020 size=2b634h (177716) map[0m
[0;32mI (119) esp_image: segment 1: paddr=0003b65c vaddr=3fca1100 size=049bch ( 18876) load[0m
[0;32mI (123) esp_image: segment 2: paddr=00040020 vaddr=42000020 size=c7a30h (817712) map[0m
[0;32mI (247) esp_image: segment 3: paddr=00107a58 vaddr=3fca5abc size=00acch (  2764) load[0m
[0;32mI (248) esp_image: segment 4: paddr=0010852c vaddr=40374000 size=1d0cch (118988) load[0m
[0;32mI (274) esp_image: segment 5: paddr=00125600 vaddr=50000000 size=00024h (    36) load[0m
[0;32mI (286) boot: Loaded app from partition at offset 0x10000[0m
[0;32mI (286) boot: Disabling RNG early entropy source...[0m
[0;32mI (296) octal_psram: vendor id    : 0x0d (AP)[0m
[0;32mI (296) octal_psram: dev id       : 0x02 (generation 3)[0m
[0;32mI (297) octal_psram: density      : 0x03 (64 Mbit)[0m
[0;32mI (301) octal_psram: good-die     : 0x01 (Pass)[0m
[0;32mI (307) octal_psram: Latency      : 0x01 (Fixed)[0m
[0;32mI (312) octal_psram: VCC          : 0x01 (3V)[0m
[0;32mI (317) octal_psram: SRF          : 0x01 (Fast Refresh)[0m
[0;32mI (323) octal_psram: BurstType    : 0x01 (Hybrid Wrap)[0m
[0;32mI (329) octal_psram: BurstLen     : 0x01 (32 Byte)[0m
[0;32mI (334) octal_psram: Readlatency  : 0x02 (10 cycles@Fixed)[0m
[0;32mI (340) octal_psram: DriveStrength: 0x00 (1/1)[0m
[0;32mI (345) MSPI Timing: Enter psram timing tuning[0m
[0;32mI (351) esp_psram: Found 8MB PSRAM device[0m
[0;32mI (355) esp_psram: Speed: 80MHz[0m
[0;32mI (370) mmu_psram: Read only data copied and mapped to SPIRAM[0m
[0;32mI (425) mmu_psram: Instructions copied and mapped to SPIRAM[0m
[0;32mI (426) cpu_start: Multicore app[0m
[0;32mI (676) esp_psram: SPI SRAM memory test OK[0m
[0;32mI (684) cpu_start: GPIO 44 and 43 are used as console UART I/O pins[0m
[0;32mI (684) cpu_start: Pro cpu start user code[0m
[0;32mI (684) cpu_start: cpu freq: 240000000 Hz[0m
[0;32mI (689) app_init: Application information:[0m
[0;32mI (694) app_init: Project name:     esp32lvgl_demo[0m
[0;32mI (699) app_init: App version:      403af02-dirty[0m
[0;32mI (705) app_init: Compile time:     Dec 14 2025 23:55:09[0m
[0;32mI (710) app_init: ELF file SHA256:  c07a88d99...[0m
[0;32mI (716) app_init: ESP-IDF:          v6.1-dev-1245-gb5956e708e[0m
[0;32mI (722) efuse_init: Min chip rev:     v0.0[0m
[0;32mI (727) efuse_init: Max chip rev:     v0.99 [0m
[0;32mI (732) efuse_init: Chip rev:         v0.2[0m
[0;32mI (737) heap_init: Initializing. RAM available for dynamic allocation:[0m
[0;32mI (744) heap_init: At 3FCAB1D8 len 0003E538 (249 KiB): RAM[0m
[0;32mI (750) heap_init: At 3FCE9710 len 00005724 (21 KiB): RAM[0m
[0;32mI (756) heap_init: At 3FCF0000 len 00008000 (32 KiB): DRAM[0m
[0;32mI (762) heap_init: At 600FE000 len 00001FE8 (7 KiB): RTCRAM[0m
[0;32mI (769) esp_psram: Adding pool of 7168K of PSRAM memory to heap allocator[0m
[0;32mI (776) esp_psram: Adding pool of 18K of PSRAM memory gap generated due to end address alignment of drom to the heap allocator[0m
[0;32mI (788) spi_flash: detected chip: winbond[0m
[0;32mI (793) spi_flash: flash io: qio[0m
[0;33mW (797) spi_flash: Detected size(16384k) larger than the size in the binary image header(4096k). Using the size in the binary image header.[0m
[0;33mW (810) i2c: This driver is an old driver, please migrate your application code to adapt `driver/i2c_master.h`[0m
[0;32mI (821) sleep_gpio: Configure to isolate all GPIO pins in sleep state[0m
[0;32mI (828) sleep_gpio: Enable automatic switching of GPIO sleep configuration[0m
[0;32mI (836) main_task: Started on CPU0[0m
[0;32mI (840) esp_psram: Reserving pool of 32K of internal memory for DMA/internal allocations[0m
[0;32mI (849) main_task: Calling app_main()[0m
[0;32mI (1213) lcd_Model: 0xff[0m
[0;32mI (1220) pp: pp rom version: e7ae62f[0m
[0;32mI (1220) net80211: net80211 rom version: e7ae62f[0m
[0;32mI (1222) wifi:wifi driver task: 3fced45c, prio:23, stack:6656, core=0[0m
[0;32mI (1228) wifi:wifi firmware version: 3626b7d[0m
[0;32mI (1229) wifi:wifi certification version: v7.0[0m
[0;32mI (1233) wifi:config NVS flash: enabled[0m
[0;32mI (1236) wifi:config nano formatting: disabled[0m
[0;32mI (1241) wifi:Init data frame dynamic rx buffer num: 32[0m
[0;32mI (1246) wifi:Init static rx mgmt buffer num: 5[0m
[0;32mI (1250) wifi:Init management short buffer num: 32[0m
[0;32mI (1255) wifi:Init static tx buffer num: 16[0m
[0;32mI (1258) wifi:Init static tx FG buffer num: 2[0m
[0;32mI (1262) wifi:Init static rx buffer size: 1600[0m
[0;32mI (1266) wifi:Init static rx buffer num: 10[0m
[0;32mI (1270) wifi:Init dynamic rx buffer num: 32[0m
[0;32mI (1275) wifi_init: rx ba win: 6[0m
[0;32mI (1278) wifi_init: accept mbox: 6[0m
[0;32mI (1282) wifi_init: tcpip mbox: 32[0m
[0;32mI (1286) wifi_init: udp mbox: 6[0m
[0;32mI (1290) wifi_init: tcp mbox: 6[0m
[0;32mI (1294) wifi_init: tcp tx win: 5760[0m
[0;32mI (1298) wifi_init: tcp rx win: 5760[0m
[0;32mI (1303) wifi_init: tcp mss: 1440[0m
[0;32mI (1307) wifi_init: WiFi IRAM OP enabled[0m
[0;32mI (1311) wifi_init: WiFi RX IRAM OP enabled[0m
[0;32mI (1316) phy_init: phy_version 711,97bcf0a2,Aug 25 2025,19:04:10[0m
[0;32mI (1350) wifi:mode : sta (98:a3:16:d8:25:94)[0m
[0;32mI (1351) wifi:enable tsf[0m
[0;32mI (1352) example: Initialize SPI bus[0m
[0;32mI (1352) example: Install panel IO[0m
[0;32mI (1354) example: Install SH8601 panel driver[0m
[0;32mI (1359) sh8601: LCD panel create success, version: 2.0.1[0m
[0;32mI (1618) example: Initialize LVGL library[0m

assert failed: app_main example_qspi_with_ram.c:522 (buf2)


Backtrace: 0x40386cfd:0x3fcade50 0x40386cc9:0x3fcade70 0x4038504d:0x3fcade90 0x4200f16e:0x3fcadfb0 0x4200708f:0x3fcae220




ELF file SHA256: c07a88d99

Rebooting...
ESP-ROM:esp32s3-20210327
Build:Mar 27 2021
rst:0xc (RTC_SW_CPU_RST),boot:0x8 (SPI_FAST_FLASH_BOOT)
Saved PC:0x40386e8c
SPIWP:0xee
mode:DIO, clock div:1
load:0x3fce2820,len:0x16fc
load:0x403c8700,len:0xf38
load:0x403cb700,len:0x3234
entry 0x403c8930
[0;32mI (24) boot: ESP-IDF v6.1-dev-1245-gb5956e708e 2nd stage bootloader[0m
[0;32mI (24) boot: compile time Dec 14 2025 18:13:33[0m
[0;32mI (24) boot: Multicore bootloader[0m
[0;32mI (26) boot: chip revision: v0.2[0m
[0;32mI (29) boot: efuse block revision: v1.3[0m
[0;32mI (32) qio_mode: Enabling QIO for flash chip WinBond[0m
[0;32mI (37) boot.esp32s3: Boot SPI Speed : 80MHz[0m
[0;32mI (41) boot.esp32s3: SPI Mode       : QIO[0m
[0;32mI (45) boot.esp32s3: SPI Flash Size : 4MB[0m
[0;32mI (48) boot: Enabling RNG early entropy source...[0m
[0;32mI (53) boot: Partition Table:[0m
[0;32mI (55) boot: ## Label            Usage          Type ST Offset   Length[0m
[0;32mI (62) boot:  0 nvs              WiFi data        01 02 00009000 00006000[0m
[0;32mI (68) boot:  1 phy_init         RF data          01 01 0000f000 00001000[0m
[0;32mI (75) boot:  2 factory          factory app      00 00 00010000 00300000[0m
[0;32mI (81) boot: End of partition table[0m
[0;32mI (85) esp_image: segment 0: paddr=00010020 vaddr=3c0d0020 size=2b634h (177716) map[0m
[0;32mI (119) esp_image: segment 1: paddr=0003b65c vaddr=3fca1100 size=049bch ( 18876) load[0m
[0;32mI (123) esp_image: segment 2: paddr=00040020 vaddr=42000020 size=c7a30h (817712) map[0m
[0;32mI (247) esp_image: segment 3: paddr=00107a58 vaddr=3fca5abc size=00acch (  2764) load[0m
[0;32mI (248) esp_image: segment 4: paddr=0010852c vaddr=40374000 size=1d0cch (118988) load[0m
[0;32mI (274) esp_image: segment 5: paddr=00125600 vaddr=50000000 size=00024h (    36) load[0m
[0;32mI (286) boot: Loaded app from partition at offset 0x10000[0m
[0;32mI (286) boot: Disabling RNG early entropy source...[0m
[0;32mI (296) octal_psram: vendor id    : 0x0d (AP)[0m
[0;32mI (296) octal_psram: dev id       : 0x02 (generation 3)[0m
[0;32mI (297) octal_psram: density      : 0x03 (64 Mbit)[0m
[0;32mI (301) octal_psram: good-die     : 0x01 (Pass)[0m
[0;32mI (307) octal_psram: Latency      : 0x01 (Fixed)[0m
[0;32mI (312) octal_psram: VCC          : 0x01 (3V)[0m
[0;32mI (317) octal_psram: SRF          : 0x01 (Fast Refresh)[0m
[0;32mI (323) octal_psram: BurstType    : 0x01 (Hybrid Wrap)[0m
[0;32mI (329) octal_psram: BurstLen     : 0x01 (32 Byte)[0m
[0;32mI (334) octal_psram: Readlatency  : 0x02 (10 cycles@Fixed)[0m
[0;32mI (340) octal_psram: DriveStrength: 0x00 (1/1)[0m
[0;32mI (345) MSPI Timing: Enter psram timing tuning[0m
[0;32mI (351) esp_psram: Found 8MB PSRAM device[0m
[0;32mI (355) esp_psram: Speed: 80MHz[0m
[0;32mI (370) mmu_psram: Read only data copied and mapped to SPIRAM[0m
[0;32mI (425) mmu_psram: Instructions copied and mapped to SPIRAM[0m
[0;32mI (426) cpu_start: Multicore app[0m
[0;32mI (676) esp_psram: SPI SRAM memory test OK[0m
[0;32mI (684) cpu_start: GPIO 44 and 43 are used as console UART I/O pins[0m
[0;32mI (684) cpu_start: Pro cpu start user code[0m
[0;32mI (684) cpu_start: cpu freq: 240000000 Hz[0m
[0;32mI (689) app_init: Application information:[0m
[0;32mI (694) app_init: Project name:     esp32lvgl_demo[0m
[0;32mI (699) app_init: App version:      403af02-dirty[0m
[0;32mI (705) app_init: Compile time:     Dec 14 2025 23:55:09[0m
[0;32mI (710) app_init: ELF file SHA256:  c07a88d99...[0m
[0;32mI (716) app_init: ESP-IDF:          v6.1-dev-1245-gb5956e708e[0m
[0;32mI (722) efuse_init: Min chip rev:     v0.0[0m
[0;32mI (727) efuse_init: Max chip rev:     v0.99 [0m
[0;32mI (732) efuse_init: Chip rev:         v0.2[0m
[0;32mI (737) heap_init: Initializing. RAM available for dynamic allocation:[0m
[0;32mI (744) heap_init: At 3FCAB1D8 len 0003E538 (249 KiB): RAM[0m
[0;32mI (750) heap_init: At 3FCE9710 len 00005724 (21 KiB): RAM[0m
[0;32mI (756) heap_init: At 3FCF0000 len 00008000 (32 KiB): DRAM[0m
[0;32mI (762) heap_init: At 600FE000 len 00001FE8 (7 KiB): RTCRAM[0m
[0;32mI (769) esp_psram: Adding pool of 7168K of PSRAM memory to heap allocator[0m
[0;32mI (776) esp_psram: Adding pool of 18K of PSRAM memory gap generated due to end address alignment of drom to the heap allocator[0m
[0;32mI (788) spi_flash: detected chip: winbond[0m
[0;32mI (793) spi_flash: flash io: qio[0m
[0;33mW (797) spi_flash: Detected size(16384k) larger than the size in the binary image header(4096k). Using the size in the binary image header.[0m
[0;33mW (810) i2c: This driver is an old driver, please migrate your application code to adapt `driver/i2c_master.h`[0m
[0;32mI (821) sleep_gpio: Configure to isolate all GPIO pins in sleep state[0m
[0;32mI (828) sleep_gpio: Enable automatic switching of GPIO sleep configuration[0m
[0;32mI (836) main_task: Started on CPU0[0m
[0;32mI (840) esp_psram: Reserving pool of 32K of internal memory for DMA/internal allocations[0m
[0;32mI (849) main_task: Calling app_main()[0m
[0;32mI (1213) lcd_Model: 0xff[0m
[0;32mI (1220) pp: pp rom version: e7ae62f[0m
[0;32mI (1220) net80211: net80211 rom version: e7ae62f[0m
[0;32mI (1222) wifi:wifi driver task: 3fced45c, prio:23, stack:6656, core=0[0m
[0;32mI (1228) wifi:wifi firmware version: 3626b7d[0m
[0;32mI (1229) wifi:wifi certification version: v7.0[0m
[0;32mI (1233) wifi:config NVS flash: enabled[0m
[0;32mI (1236) wifi:config nano formatting: disabled[0m
[0;32mI (1241) wifi:Init data frame dynamic rx buffer num: 32[0m
[0;32mI (1246) wifi:Init static rx mgmt buffer num: 5[0m
[0;32mI (1250) wifi:Init management short buffer num: 32[0m
[0;32mI (1255) wifi:Init static tx buffer num: 16[0m
[0;32mI (1258) wifi:Init static tx FG buffer num: 2[0m
[0;32mI (1262) wifi:Init static rx buffer size: 1600[0m
[0;32mI (1266) wifi:Init static rx buffer num: 10[0m
[0;32mI (1270) wifi:Init dynamic rx buffer num: 32[0m
[0;32mI (1275) wifi_init: rx ba win: 6[0m
[0;32mI (1278) wifi_init: accept mbox: 6[0m
[0;32mI (1282) wifi_init: tcpip mbox: 32[0m
[0;32mI (1286) wifi_init: udp mbox: 6[0m
[0;32mI (1290) wifi_init: tcp mbox: 6[0m
[0;32mI (1294) wifi_init: tcp tx win: 5760[0m
[0;32mI (1298) wifi_init: tcp rx win: 5760[0m
[0;32mI (1303) wifi_init: tcp mss: 1440[0m
[0;32mI (1307) wifi_init: WiFi IRAM OP enabled[0m
[0;32mI (1311) wifi_init: WiFi RX IRAM OP enabled[0m
[0;32mI (1316) phy_init: phy_version 711,97bcf0a2,Aug 25 2025,19:04:10[0m
[0;32mI (1350) wifi:mode : sta (98:a3:16:d8:25:94)[0m
[0;32mI (1350) wifi:enable tsf[0m
[0;32mI (1351) example: Initialize SPI bus[0m
[0;32mI (1352) example: Install panel IO[0m
[0;32mI (1354) example: Install SH8601 panel driver[0m
[0;32mI (1359) sh8601: LCD panel create success, version: 2.0.1[0m
[0;32mI (1618) example: Initialize LVGL library[0m

assert failed: app_main example_qspi_with_ram.c:522 (buf2)


Backtrace: 0x40386cfd:0x3fcade50 0x40386cc9:0x3fcade70 0x4038504d:0x3fcade90 0x4200f16e:0x3fcadfb0 0x4200708f:0x3fcae220




ELF file SHA256: c07a88d99

Rebooting...
ESP-ROM:esp32s3-20210327
Build:Mar 27 2021
rst:0xc (RTC_SW_CPU_RST),boot:0x8 (SPI_FAST_FLASH_BOOT)
Saved PC:0x40386e8c
SPIWP:0xee
mode:DIO, clock div:1
load:0x3fce2820,len:0x16fc
load:0x403c8700,len:0xf38
load:0x403cb700,len:0x3234
entry 0x403c8930
[0;32mI (24) boot: ESP-IDF v6.1-dev-1245-gb5956e708e 2nd stage bootloader[0m
[0;32mI (24) boot: compile time Dec 14 2025 18:13:33[0m
[0;32mI (24) boot: Multicore bootloader[0m
[0;32mI (26) boot: chip revision: v0.2[0m
[0;32mI (29) boot: efuse block revision: v1.3[0m
[0;32mI (32) qio_mode: Enabling QIO for flash chip WinBond[0m
[0;32mI (37) boot.esp32s3: Boot SPI Speed : 80MHz[0m
[0;32mI (41) boot.esp32s3: SPI Mode       : QIO[0m
[0;32mI (45) boot.esp32s3: SPI Flash Size : 4MB[0m
[0;32mI (48) boot: Enabling RNG early entropy source...[0m
[0;32mI (53) boot: Partition Table:[0m
[0;32mI (55) boot: ## Label            Usage          Type ST Offset   Length[0m
[0;32mI (62) boot:  0 nvs              WiFi data        01 02 00009000 00006000[0m
[0;32mI (68) boot:  1 phy_init         RF data          01 01 0000f000 00001000[0m
[0;32mI (75) boot:  2 factory          factory app      00 00 00010000 00300000[0m
[0;32mI (81) boot: End of partition table[0m
[0;32mI (85) esp_image: segment 0: paddr=00010020 vaddr=3c0d0020 size=2b634h (177716) map[0m
[0;32mI (119) esp_image: segment 1: paddr=0003b65c vaddr=3fca1100 size=049bch ( 18876) load[0m
[0;32mI (123) esp_image: segment 2: paddr=00040020 vaddr=42000020 size=c7a30h (817712) map[0m
[0;32mI (247) esp_image: segment 3: paddr=00107a58 vaddr=3fca5abc size=00acch (  2764) load[0m
[0;32mI (248) esp_image: segment 4: paddr=0010852c vaddr=40374000 size=1d0cch (118988) load[0m
[0;32mI (274) esp_image: segment 5: paddr=00125600 vaddr=50000000 size=00024h (    36) load[0m
[0;32mI (286) boot: Loaded app from partition at offset 0x10000[0m
[0;32mI (286) boot: Disabling RNG early entropy source...[0m
[0;32mI (296) octal_psram: vendor id    : 0x0d (AP)[0m
[0;32mI (296) octal_psram: dev id       : 0x02 (generation 3)[0m
[0;32mI (297) octal_psram: density      : 0x03 (64 Mbit)[0m
[0;32mI (301) octal_psram: good-die     : 0x01 (Pass)[0m
[0;32mI (307) octal_psram: Latency      : 0x01 (Fixed)[0m
[0;32mI (312) octal_psram: VCC          : 0x01 (3V)[0m
[0;32mI (317) octal_psram: SRF          : 0x01 (Fast Refresh)[0m
[0;32mI (323) octal_psram: BurstType    : 0x01 (Hybrid Wrap)[0m
[0;32mI (329) octal_psram: BurstLen     : 0x01 (32 Byte)[0m
[0;32mI (334) octal_psram: Readlatency  : 0x02 (10 cycles@Fixed)[0m
[0;32mI (340) octal_psram: DriveStrength: 0x00 (1/1)[0m
[0;32mI (345) MSPI Timing: Enter psram timing tuning[0m
[0;32mI (351) esp_psram: Found 8MB PSRAM device[0m
[0;32mI (355) esp_psram: Speed: 80MHz[0m
[0;32mI (370) mmu_psram: Read only data copied and mapped to SPIRAM[0m
[0;32mI (425) mmu_psram: Instructions copied and mapped to SPIRAM[0m
[0;32mI (426) cpu_start: Multicore app[0m
[0;32mI (676) esp_psram: SPI SRAM memory test OK[0m
[0;32mI (684) cpu_start: GPIO 44 and 43 are used as console UART I/O pins[0m
[0;32mI (684) cpu_start: Pro cpu start user code[0m
[0;32mI (684) cpu_start: cpu freq: 240000000 Hz[0m
[0;32mI (689) app_init: Application information:[0m
[0;32mI (694) app_init: Project name:     esp32lvgl_demo[0m
[0;32mI (699) app_init: App version:      403af02-dirty[0m
[0;32mI (705) app_init: Compile time:     Dec 14 2025 23:55:09[0m
[0;32mI (711) app_init: ELF file SHA256:  c07a88d99...[0m
[0;32mI (716) app_init: ESP-IDF:          v6.1-dev-1245-gb5956e708e[0m
[0;32mI (722) efuse_init: Min chip rev:     v0.0[0m
[0;32mI (727) efuse_init: Max chip rev:     v0.99 [0m
[0;32mI (732) efuse_init: Chip rev:         v0.2[0m
[0;32mI (737) heap_init: Initializing. RAM available for dynamic allocation:[0m
[0;32mI (744) heap_init: At 3FCAB1D8 len 0003E538 (249 KiB): RAM[0m
[0;32mI (750) heap_init: At 3FCE9710 len 00005724 (21 KiB): RAM[0m
[0;32mI (756) heap_init: At 3FCF0000 len 00008000 (32 KiB): DRAM[0m
[0;32mI (762) heap_init: At 600FE000 len 00001FE8 (7 KiB): RTCRAM[0m
[0;32mI (769) esp_psram: Adding pool of 7168K of PSRAM memory to heap allocator[0m
[0;32mI (776) esp_psram: Adding pool of 18K of PSRAM memory gap generated due to end address alignment of drom to the heap allocator[0m
[0;32mI (788) spi_flash: detected chip: winbond[0m
[0;32mI (793) spi_flash: flash io: qio[0m
[0;33mW (797) spi_flash: Detected size(16384k) larger than the size in the binary image header(4096k). Using the size in the binary image header.[0m
[0;33mW (810) i2c: This driver is an old driver, please migrate your application code to adapt `driver/i2c_master.h`[0m
[0;32mI (821) sleep_gpio: Configure to isolate all GPIO pins in sleep state[0m
[0;32mI (828) sleep_gpio: Enable automatic switching of GPIO sleep configuration[0m
[0;32mI (836) main_task: Started on CPU0[0m
[0;32mI (840) esp_psram: Reserving pool of 32K of internal memory for DMA/internal allocations[0m
[0;32mI (849) main_task: Calling app_main()[0m
[0;32mI (1213) lcd_Model: 0xff[0m
[0;32mI (1220) pp: pp rom version: e7ae62f[0m
[0;32mI (1220) net80211: net80211 rom version: e7ae62f[0m
[0;32mI (1222) wifi:wifi driver task: 3fced45c, prio:23, stack:6656, core=0[0m
[0;32mI (1228) wifi:wifi firmware version: 3626b7d[0m
[0;32mI (1229) wifi:wifi certification version: v7.0[0m
[0;32mI (1233) wifi:config NVS flash: enabled[0m
[0;32mI (1236) wifi:config nano formatting: disabled[0m
[0;32mI (1241) wifi:Init data frame dynamic rx buffer num: 32[0m
[0;32mI (1246) wifi:Init static rx mgmt buffer num: 5[0m
[0;32mI (1250) wifi:Init management short buffer num: 32[0m
[0;32mI (1255) wifi:Init static tx buffer num: 16[0m
[0;32mI (1258) wifi:Init static tx FG buffer num: 2[0m
[0;32mI (1262) wifi:Init static rx buffer size: 1600[0m
[0;32mI (1266) wifi:Init static rx buffer num: 10[0m
[0;32mI (1270) wifi:Init dynamic rx buffer num: 32[0m
[0;32mI (1275) wifi_init: rx ba win: 6[0m
[0;32mI (1278) wifi_init: accept mbox: 6[0m
[0;32mI (1282) wifi_init: tcpip mbox: 32[0m
[0;32mI (1286) wifi_init: udp mbox: 6[0m
[0;32mI (1290) wifi_init: tcp mbox: 6[0m
[0;32mI (1294) wifi_init: tcp tx win: 5760[0m
[0;32mI (1298) wifi_init: tcp rx win: 5760[0m
[0;32mI (1303) wifi_init: tcp mss: 1440[0m
[0;32mI (1307) wifi_init: WiFi IRAM OP enabled[0m
[0;32mI (1311) wifi_init: WiFi RX IRAM OP enabled[0m
[0;32mI (1316) phy_init: phy_version 711,97bcf0a2,Aug 25 2025,19:04:10[0m
[0;32mI (1350) wifi:mode : sta (98:a3:16:d8:25:94)[0m
[0;32mI (1350) wifi:enable tsf[0m
[0;32mI (1352) example: Initialize SPI bus[0m
[0;32mI (1352) example: Install panel IO[0m
[0;32mI (1354) example: Install SH8601 panel driver[0m
[0;32mI (1359) sh8601: LCD panel create success, version: 2.0.1[0m
[0;32mI (1618) example: Initialize LVGL library[0m

assert failed: app_main example_qspi_with_ram.c:522 (buf2)


Backtrace: 0x40386cfd:0x3fcade50 0x40386cc9:0x3fcade70 0x4038504d:0x3fcade90 0x4200f16e:0x3fcadfb0 0x4200708f:0x3fcae220




ELF file SHA256: c07a88d99

Rebooting...
ESP-ROM:esp32s3-20210327
Build:Mar 27 2021
rst:0xc (RTC_SW_CPU_RST),boot:0x8 (SPI_FAST_FLASH_BOOT)
Saved PC:0x40386e8c
SPIWP:0xee
mode:DIO, clock div:1
load:0x3fce2820,len:0x16fc
load:0x403c8700,len:0xf38
load:0x403cb700,len:0x3234
entry 0x403c8930
[0;32mI (24) boot: ESP-IDF v6.1-dev-1245-gb5956e708e 2nd stage bootloader[0m
[0;32mI (24) boot: compile time Dec 14 2025 18:13:33[0m
[0;32mI (24) boot: Multicore bootloader[0m
[0;32mI (26) boot: chip revision: v0.2[0m
[0;32mI (29) boot: efuse block revision: v1.3[0m
[0;32mI (32) qio_mode: Enabling QIO for flash chip WinBond[0m
[0;32mI (37) boot.esp32s3: Boot SPI Speed : 80MHz[0m
[0;32mI (41) boot.esp32s3: SPI Mode       : QIO[0m
[0;32mI (45) boot.esp32s3: SPI Flash Size : 4MB[0m
[0;32mI (48) boot: Enabling RNG early entropy source...[0m
[0;32mI (53) boot: Partition Table:[0m
[0;32mI (55) boot: ## Label            Usage          Type ST Offset   Length[0m
[0;32mI (62) boot:  0 nvs              WiFi data        01 02 00009000 00006000[0m
[0;32mI (68) boot:  1 phy_init         RF data          01 01 0000f000 00001000[0m
[0;32mI (75) boot:  2 factory          factory app      00 00 00010000 00300000[0m
[0;32mI (81) boot: End of partition table[0m
[0;32mI (85) esp_image: segment 0: paddr=00010020 vaddr=3c0d0020 size=2b634h (177716) map[0m
[0;32mI (119) esp_image: segment 1: paddr=0003b65c vaddr=3fca1100 size=049bch ( 18876) load[0m
[0;32mI (123) esp_image: segment 2: paddr=00040020 vaddr=42000020 size=c7a30h (817712) map[0m
[0;32mI (247) esp_image: segment 3: paddr=00107a58 vaddr=3fca5abc size=00acch (  2764) load[0m
[0;32mI (248) esp_image: segment 4: paddr=0010852c vaddr=40374000 size=1d0cch (118988) load[0m
[0;32mI (274) esp_image: segment 5: paddr=00125600 vaddr=50000000 size=00024h (    36) load[0m
[0;32mI (286) boot: Loaded app from partition at offset 0x10000[0m
[0;32mI (286) boot: Disabling RNG early entropy source...[0m
[0;32mI (296) octal_psram: vendor id    : 0x0d (AP)[0m
[0;32mI (296) octal_psram: dev id       : 0x02 (generation 3)[0m
[0;32mI (297) octal_psram: density      : 0x03 (64 Mbit)[0m
[0;32mI (301) octal_psram: good-die     : 0x01 (Pass)[0m
[0;32mI (307) octal_psram: Latency      : 0x01 (Fixed)[0m
[0;32mI (312) octal_psram: VCC          : 0x01 (3V)[0m
[0;32mI (317) octal_psram: SRF          : 0x01 (Fast Refresh)[0m
[0;32mI (323) octal_psram: BurstType    : 0x01 (Hybrid Wrap)[0m
[0;32mI (329) octal_psram: BurstLen     : 0x01 (32 Byte)[0m
[0;32mI (334) octal_psram: Readlatency  : 0x02 (10 cycles@Fixed)[0m
[0;32mI (340) octal_psram: DriveStrength: 0x00 (1/1)[0m
[0;32mI (345) MSPI Timing: Enter psram timing tuning[0m
[0;32mI (351) esp_psram: Found 8MB PSRAM device[0m
[0;32mI (355) esp_psram: Speed: 80MHz[0m
[0;32mI (370) mmu_psram: Read only data copied and mapped to SPIRAM[0m
[0;32mI (425) mmu_psram: Instructions copied and mapped to SPIRAM[0m
[0;32mI (426) cpu_start: Multicore app[0m
[0;32mI (676) esp_psram: SPI SRAM memory test OK[0m
[0;32mI (684) cpu_start: GPIO 44 and 43 are used as console UART I/O pins[0m
[0;32mI (684) cpu_start: Pro cpu start user code[0m
[0;32mI (684) cpu_start: cpu freq: 240000000 Hz[0m
[0;32mI (689) app_init: Application information:[0m
[0;32mI (694) app_init: Project name:     esp32lvgl_demo[0m
[0;32mI (699) app_init: App version:      403af02-dirty[0m
[0;32mI (705) app_init: Compile time:     Dec 14 2025 23:55:09[0m
[0;32mI (710) app_init: ELF file SHA256:  c07a88d99...[0m
[0;32mI (716) app_init: ESP-IDF:          v6.1-dev-1245-gb5956e708e[0m
[0;32mI (722) efuse_init: Min chip rev:     v0.0[0m
[0;32mI (727) efuse_init: Max chip rev:     v0.99 [0m
[0;32mI (732) efuse_init: Chip rev:         v0.2[0m
[0;32mI (737) heap_init: Initializing. RAM available for dynamic allocation:[0m
[0;32mI (744) heap_init: At 3FCAB1D8 len 0003E538 (249 KiB): RAM[0m
[0;32mI (750) heap_init: At 3FCE9710 len 00005724 (21 KiB): RAM[0m
[0;32mI (756) heap_init: At 3FCF0000 len 00008000 (32 KiB): DRAM[0m
[0;32mI (762) heap_init: At 600FE000 len 00001FE8 (7 KiB): RTCRAM[0m
[0;32mI (769) esp_psram: Adding pool of 7168K of PSRAM memory to heap allocator[0m
[0;32mI (776) esp_psram: Adding pool of 18K of PSRAM memory gap generated due to end address alignment of drom to the heap allocator[0m
[0;32mI (788) spi_flash: detected chip: winbond[0m
[0;32mI (793) spi_flash: flash io: qio[0m
[0;33mW (797) spi_flash: Detected size(16384k) larger than the size in the binary image header(4096k). Using the size in the binary image header.[0m
[0;33mW (810) i2c: This driver is an old driver, please migrate your application code to adapt `driver/i2c_master.h`[0m
[0;32mI (821) sleep_gpio: Configure to isolate all GPIO pins in sleep state[0m
[0;32mI (828) sleep_gpio: Enable automatic switching of GPIO sleep configuration[0m
[0;32mI (836) main_task: Started on CPU0[0m
[0;32mI (840) esp_psram: Reserving pool of 32K of internal memory for DMA/internal allocations[0m
[0;32mI (849) main_task: Calling app_main()[0m
[0;32mI (1213) lcd_Model: 0xff[0m
[0;32mI (1220) pp: pp rom version: e7ae62f[0m
[0;32mI (1220) net80211: net80211 rom version: e7ae62f[0m
[0;32mI (1222) wifi:wifi driver task: 3fced45c, prio:23, stack:6656, core=0[0m
[0;32mI (1228) wifi:wifi firmware version: 3626b7d[0m
[0;32mI (1229) wifi:wifi certification version: v7.0[0m
[0;32mI (1233) wifi:config NVS flash: enabled[0m
[0;32mI (1236) wifi:config nano formatting: disabled[0m
[0;32mI (1241) wifi:Init data frame dynamic rx buffer num: 32[0m
[0;32mI (1246) wifi:Init static rx mgmt buffer num: 5[0m
[0;32mI (1250) wifi:Init management short buffer num: 32[0m
[0;32mI (1255) wifi:Init static tx buffer num: 16[0m
[0;32mI (1258) wifi:Init static tx FG buffer num: 2[0m
[0;32mI (1262) wifi:Init static rx buffer size: 1600[0m
[0;32mI (1266) wifi:Init static rx buffer num: 10[0m
[0;32mI (1270) wifi:Init dynamic rx buffer num: 32[0m
[0;32mI (1275) wifi_init: rx ba win: 6[0m
[0;32mI (1278) wifi_init: accept mbox: 6[0m
[0;32mI (1282) wifi_init: tcpip mbox: 32[0m
[0;32mI (1286) wifi_init: udp mbox: 6[0m
[0;32mI (1290) wifi_init: tcp mbox: 6[0m
[0;32mI (1294) wifi_init: tcp tx win: 5760[0m
[0;32mI (1298) wifi_init: tcp rx win: 5760[0m
[0;32mI (1303) wifi_init: tcp mss: 1440[0m
[0;32mI (1307) wifi_init: WiFi IRAM OP enabled[0m
[0;32mI (1311) wifi_init: WiFi RX IRAM OP enabled[0m
[0;32mI (1316) phy_init: phy_version 711,97bcf0a2,Aug 25 2025,19:04:10[0m
[0;32mI (1350) wifi:mode : sta (98:a3:16:d8:25:94)[0m
[0;32mI (1350) wifi:enable tsf[0m
[0;32mI (1351) example: Initialize SPI bus[0m
[0;32mI (1352) example: Install panel IO[0m
[0;32mI (1354) example: Install SH8601 panel driver[0m
[0;32mI (1359) sh8601: LCD panel create success, version: 2.0.1[0m
[0;32mI (1618) example: Initialize LVGL library[0m

assert failed: app_main example_qspi_with_ram.c:522 (buf2)


Backtrace: 0x40386cfd:0x3fcade50 0x40386cc9:0x3fcade70 0x4038504d:0x3fcade90 0x4200f16e:0x3fcadfb0 0x4200708f:0x3fcae220




ELF file SHA256: c07a88d99

Rebooting...
ESP-ROM:esp32s3-20210327
Build:Mar 27 2021
rst:0xc (RTC_SW_CPU_RST),boot:0x8 (SPI_FAST_FLASH_BOOT)
Saved PC:0x40386e8c
SPIWP:0xee
mode:DIO, clock div:1
load:0x3fce2820,len:0x16fc
load:0x403c8700,len:0xf38
load:0x403cb700,len:0x3234
entry 0x403c8930
[0;32mI (24) boot: ESP-IDF v6.1-dev-1245-gb5956e708e 2nd stage bootloader[0m
[0;32mI (24) boot: compile time Dec 14 2025 18:13:33[0m
[0;32mI (24) boot: Multicore bootloader[0m
[0;32mI (26) boot: chip revision: v0.2[0m
[0;32mI (29) boot: efuse block revision: v1.3[0m
[0;32mI (32) qio_mode: Enabling QIO for flash chip WinBond[0m
[0;32mI (37) boot.esp32s3: Boot SPI Speed : 80MHz[0m
[0;32mI (41) boot.esp32s3: SPI Mode       : QIO[0m
[0;32mI (45) boot.esp32s3: SPI Flash Size : 4MB[0m
[0;32mI (48) boot: Enabling RNG early entropy source...[0m
[0;32mI (53) boot: Partition Table:[0m
[0;32mI (55) boot: ## Label            Usage          Type ST Offset   Length[0m
[0;32mI (62) boot:  0 nvs              WiFi data        01 02 00009000 00006000[0m
[0;32mI (68) boot:  1 phy_init         RF data          01 01 0000f000 00001000[0m
[0;32mI (75) boot:  2 factory          factory app      00 00 00010000 00300000[0m
[0;32mI (81) boot: End of partition table[0m
[0;32mI (85) esp_image: segment 0: paddr=00010020 vaddr=3c0d0020 size=2b634h (177716) map[0m
[0;32mI (119) esp_image: segment 1: paddr=0003b65c vaddr=3fca1100 size=049bch ( 18876) load[0m
[0;32mI (123) esp_image: segment 2: paddr=00040020 vaddr=42000020 size=c7a30h (817712) map[0m
[0;32mI (247) esp_image: segment 3: paddr=00107a58 vaddr=3fca5abc size=00acch (  2764) load[0m
[0;32mI (248) esp_image: segment 4: paddr=0010852c vaddr=40374000 size=1d0cch (118988) load[0m
[0;32mI (274) esp_image: segment 5: paddr=00125600 vaddr=50000000 size=00024h (    36) load[0m
[0;32mI (286) boot: Loaded app from partition at offset 0x10000[0m
[0;32mI (286) boot: Disabling RNG early entropy source...[0m
[0;32mI (296) octal_psram: vendor id    : 0x0d (AP)[0m
[0;32mI (296) octal_psram: dev id       : 0x02 (generation 3)[0m
[0;32mI (297) octal_psram: density      : 0x03 (64 Mbit)[0m
[0;32mI (301) octal_psram: good-die     : 0x01 (Pass)[0m
[0;32mI (307) octal_psram: Latency      : 0x01 (Fixed)[0m
[0;32mI (312) octal_psram: VCC          : 0x01 (3V)[0m
[0;32mI (317) octal_psram: SRF          : 0x01 (Fast Refresh)[0m
[0;32mI (323) octal_psram: BurstType    : 0x01 (Hybrid Wrap)[0m
[0;32mI (329) octal_psram: BurstLen     : 0x01 (32 Byte)[0m
[0;32mI (334) octal_psram: Readlatency  : 0x02 (10 cycles@Fixed)[0m
[0;32mI (340) octal_psram: DriveStrength: 0x00 (1/1)[0m
[0;32mI (345) MSPI Timing: Enter psram timing tuning[0m
[0;32mI (351) esp_psram: Found 8MB PSRAM device[0m
[0;32mI (355) esp_psram: Speed: 80MHz[0m
[0;32mI (370) mmu_psram: Read only data copied and mapped to SPIRAM[0m
[0;32mI (425) mmu_psram: Instructions copied and mapped to SPIRAM[0m
[0;32mI (426) cpu_start: Multicore app[0m
[0;32mI (676) esp_psram: SPI SRAM memory test OK[0m
[0;32mI (684) cpu_start: GPIO 44 and 43 are used as console UART I/O pins[0m
[0;32mI (684) cpu_start: Pro cpu start user code[0m
[0;32mI (684) cpu_start: cpu freq: 240000000 Hz[0m
[0;32mI (689) app_init: Application information:[0m
[0;32mI (694) app_init: Project name:     esp32lvgl_demo[0m
[0;32mI (699) app_init: App version:      403af02-dirty[0m
[0;32mI (705) app_init: Compile time:     Dec 14 2025 23:55:09[0m
[0;32mI (711) app_init: ELF file SHA256:  c07a88d99...[0m
[0;32mI (716) app_init: ESP-IDF:          v6.1-dev-1245-gb5956e708e[0m
[0;32mI (722) efuse_init: Min chip rev:     v0.0[0m
[0;32mI (727) efuse_init: Max chip rev:     v0.99 [0m
[0;32mI (732) efuse_init: Chip rev:         v0.2[0m
[0;32mI (737) heap_init: Initializing. RAM available for dynamic allocation:[0m
[0;32mI (744) heap_init: At 3FCAB1D8 len 0003E538 (249 KiB): RAM[0m
[0;32mI (750) heap_init: At 3FCE9710 len 00005724 (21 KiB): RAM[0m
[0;32mI (756) heap_init: At 3FCF0000 len 00008000 (32 KiB): DRAM[0m
[0;32mI (762) heap_init: At 600FE000 len 00001FE8 (7 KiB): RTCRAM[0m
[0;32mI (769) esp_psram: Adding pool of 7168K of PSRAM memory to heap allocator[0m
[0;32mI (776) esp_psram: Adding pool of 18K of PSRAM memory gap generated due to end address alignment of drom to the heap allocator[0m
[0;32mI (788) spi_flash: detected chip: winbond[0m
[0;32mI (793) spi_flash: flash io: qio[0m
[0;33mW (797) spi_flash: Detected size(16384k) larger than the size in the binary image header(4096k). Using the size in the binary image header.[0m
[0;33mW (810) i2c: This driver is an old driver, please migrate your application code to adapt `driver/i2c_master.h`[0m
[0;32mI (821) sleep_gpio: Configure to isolate all GPIO pins in sleep state[0m
[0;32mI (828) sleep_gpio: Enable automatic switching of GPIO sleep configuration[0m
[0;32mI (836) main_task: Started on CPU0[0m
[0;32mI (840) esp_psram: Reserving pool of 32K of internal memory for DMA/internal allocations[0m
[0;32mI (849) main_task: Calling app_main()[0m
[0;32mI (1213) lcd_Model: 0xff[0m
[0;32mI (1220) pp: pp rom version: e7ae62f[0m
[0;32mI (1220) net80211: net80211 rom version: e7ae62f[0m
[0;32mI (1222) wifi:wifi driver task: 3fced45c, prio:23, stack:6656, core=0[0m
[0;32mI (1228) wifi:wifi firmware version: 3626b7d[0m
[0;32mI (1229) wifi:wifi certification version: v7.0[0m
[0;32mI (1233) wifi:config NVS flash: enabled[0m
[0;32mI (1236) wifi:config nano formatting: disabled[0m
[0;32mI (1241) wifi:Init data frame dynamic rx buffer num: 32[0m
[0;32mI (1246) wifi:Init static rx mgmt buffer num: 5[0m
[0;32mI (1250) wifi:Init management short buffer num: 32[0m
[0;32mI (1255) wifi:Init static tx buffer num: 16[0m
[0;32mI (1258) wifi:Init static tx FG buffer num: 2[0m
[0;32mI (1262) wifi:Init static rx buffer size: 1600[0m
[0;32mI (1266) wifi:Init static rx buffer num: 10[0m
[0;32mI (1270) wifi:Init dynamic rx buffer num: 32[0m
[0;32mI (1275) wifi_init: rx ba win: 6[0m
[0;32mI (1278) wifi_init: accept mbox: 6[0m
[0;32mI (1282) wifi_init: tcpip mbox: 32[0m
[0;32mI (1286) wifi_init: udp mbox: 6[0m
[0;32mI (1290) wifi_init: tcp mbox: 6[0m
[0;32mI (1294) wifi_init: tcp tx win: 5760[0m
[0;32mI (1298) wifi_init: tcp rx win: 5760[0m
[0;32mI (1303) wifi_init: tcp mss: 1440[0m
[0;32mI (1307) wifi_init: WiFi IRAM OP enabled[0m
[0;32mI (1311) wifi_init: WiFi RX IRAM OP enabled[0m
[0;32mI (1316) phy_init: phy_version 711,97bcf0a2,Aug 25 2025,19:04:10[0m
[0;32mI (1350) wifi:mode : sta (98:a3:16:d8:25:94)[0m
[0;32mI (1350) wifi:enable tsf[0m
[0;32mI (1351) example: Initialize SPI bus[0m
[0;32mI (1352) example: Install panel IO[0m
[0;32mI (1354) example: Install SH8601 panel driver[0m
[0;32mI (1359) sh8601: LCD panel create success, version: 2.0.1[0m
[0;32mI (1618) example: Initialize LVGL library[0m

assert failed: app_main example_qspi_with_ram.c:522 (buf2)


Backtrace: 0x40386cfd:0x3fcade50 0x40386cc9:0x3fcade70 0x4038504d:0x3fcade90 0x4200f16e:0x3fcadfb0 0x4200708f:0x3fcae220




ELF file SHA256: c07a88d99

Rebooting...
ESP-ROM:esp32s3-20210327
Build:Mar 27 2021
rst:0xc (RTC_SW_CPU_RST),boot:0x8 (SPI_FAST_FLASH_BOOT)
Saved PC:0x40386e8c
SPIWP:0xee
mode:DIO, clock div:1
load:0x3fce2820,len:0x16fc
load:0x403c8700,len:0xf38
load:0x403cb700,len:0x3234
entry 0x403c8930
[0;32mI (24) boot: ESP-IDF v6.1-dev-1245-gb5956e708e 2nd stage bootloader[0m
[0;32mI (24) boot: compile time Dec 14 2025 18:13:33[0m
[0;32mI (24) boot: Multicore bootloader[0m
[0;32mI (26) boot: chip revision: v0.2[0m
[0;32mI (29) boot: efuse block revision: v1.3[0m
[0;32mI (32) qio_mode: Enabling QIO for flash chip WinBond[0m
[0;32mI (37) boot.esp32s3: Boot SPI Speed : 80MHz[0m
[0;32mI (41) boot.esp32s3: SPI Mode       : QIO[0m
[0;32mI (45) boot.esp32s3: SPI Flash Size : 4MB[0m
[0;32mI (48) boot: Enabling RNG early entropy source...[0m
[0;32mI (53) boot: Partition Table:[0m
[0;32mI (55) boot: ## Label            Usage          Type ST Offset   Length[0m
[0;32mI (62) boot:  0 nvs              WiFi data        01 02 00009000 00006000[0m
[0;32mI (68) boot:  1 phy_init         RF data          01 01 0000f000 00001000[0m
[0;32mI (75) boot:  2 factory          factory app      00 00 00010000 00300000[0m
[0;32mI (81) boot: End of partition table[0m
[0;32mI (85) esp_image: segment 0: paddr=00010020 vaddr=3c0d0020 size=2b634h (177716) map[0m
[0;32mI (119) esp_image: segment 1: paddr=0003b65c vaddr=3fca1100 size=049bch ( 18876) load[0m
[0;32mI (123) esp_image: segment 2: paddr=00040020 vaddr=42000020 size=c7a30h (817712) map[0m
[0;32mI (247) esp_image: segment 3: paddr=00107a58 vaddr=3fca5abc size=00acch (  2764) load[0m
[0;32mI (248) esp_image: segment 4: paddr=0010852c vaddr=40374000 size=1d0cch (118988) load[0m
[0;32mI (274) esp_image: segment 5: paddr=00125600 vaddr=50000000 size=00024h (    36) load[0m
[0;32mI (286) boot: Loaded app from partition at offset 0x10000[0m
[0;32mI (286) boot: Disabling RNG early entropy source...[0m
[0;32mI (296) octal_psram: vendor id    : 0x0d (AP)[0m
[0;32mI (296) octal_psram: dev id       : 0x02 (generation 3)[0m
[0;32mI (297) octal_psram: density      : 0x03 (64 Mbit)[0m
[0;32mI (301) octal_psram: good-die     : 0x01 (Pass)[0m
[0;32mI (307) octal_psram: Latency      : 0x01 (Fixed)[0m
[0;32mI (312) octal_psram: VCC          : 0x01 (3V)[0m
[0;32mI (317) octal_psram: SRF          : 0x01 (Fast Refresh)[0m
[0;32mI (323) octal_psram: BurstType    : 0x01 (Hybrid Wrap)[0m
[0;32mI (329) octal_psram: BurstLen     : 0x01 (32 Byte)[0m
[0;32mI (334) octal_psram: Readlatency  : 0x02 (10 cycles@Fixed)[0m
[0;32mI (340) octal_psram: DriveStrength: 0x00 (1/1)[0m
[0;32mI (345) MSPI Timing: Enter psram timing tuning[0m
[0;32mI (351) esp_psram: Found 8MB PSRAM device[0m
[0;32mI (355) esp_psram: Speed: 80MHz[0m
[0;32mI (370) mmu_psram: Read only data copied and mapped to SPIRAM[0m
[0;32mI (425) mmu_psram: Instructions copied and mapped to SPIRAM[0m
[0;32mI (426) cpu_start: Multicore app[0m
[0;32mI (676) esp_psram: SPI SRAM memory test OK[0m
[0;32mI (684) cpu_start: GPIO 44 and 43 are used as console UART I/O pins[0m
[0;32mI (684) cpu_start: Pro cpu start user code[0m
[0;32mI (684) cpu_start: cpu freq: 240000000 Hz[0m
[0;32mI (689) app_init: Application information:[0m
[0;32mI (694) app_init: Project name:     esp32lvgl_demo[0m
[0;32mI (699) app_init: App version:      403af02-dirty[0m
[0;32mI (705) app_init: Compile time:     Dec 14 2025 23:55:09[0m
[0;32mI (710) app_init: ELF file SHA256:  c07a88d99...[0m
[0;32mI (716) app_init: ESP-IDF:          v6.1-dev-1245-gb5956e708e[0m
[0;32mI (722) efuse_init: Min chip rev:     v0.0[0m
[0;32mI (727) efuse_init: Max chip rev:     v0.99 [0m
[0;32mI (732) efuse_init: Chip rev:         v0.2[0m
[0;32mI (737) heap_init: Initializing. RAM available for dynamic allocation:[0m
[0;32mI (744) heap_init: At 3FCAB1D8 len 0003E538 (249 KiB): RAM[0m
[0;32mI (750) heap_init: At 3FCE9710 len 00005724 (21 KiB): RAM[0m
[0;32mI (756) heap_init: At 3FCF0000 len 00008000 (32 KiB): DRAM[0m
[0;32mI (762) heap_init: At 600FE000 len 00001FE8 (7 KiB): RTCRAM[0m
[0;32mI (769) esp_psram: Adding pool of 7168K of PSRAM memory to heap allocator[0m
[0;32mI (776) esp_psram: Adding pool of 18K of PSRAM memory gap generated due to end address alignment of drom to the heap allocator[0m
[0;32mI (788) spi_flash: detected chip: winbond[0m
[0;32mI (793) spi_flash: flash io: qio[0m
[0;33mW (797) spi_flash: Detected size(16384k) larger than the size in the binary image header(4096k). Using the size in the binary image header.[0m
[0;33mW (810) i2c: This driver is an old driver, please migrate your application code to adapt `driver/i2c_master.h`[0m
[0;32mI (821) sleep_gpio: Configure to isolate all GPIO pins in sleep state[0m
[0;32mI (828) sleep_gpio: Enable automatic switching of GPIO sleep configuration[0m
[0;32mI (836) main_task: Started on CPU0[0m
[0;32mI (840) esp_psram: Reserving pool of 32K of internal memory for DMA/internal allocations[0m
[0;32mI (849) main_task: Calling app_main()[0m
[0;32mI (1213) lcd_Model: 0xff[0m
[0;32mI (1220) pp: pp rom version: e7ae62f[0m
[0;32mI (1220) net80211: net80211 rom version: e7ae62f[0m
[0;32mI (1222) wifi:wifi driver task: 3fced45c, prio:23, stack:6656, core=0[0m
[0;32mI (1228) wifi:wifi firmware version: 3626b7d[0m
[0;32mI (1229) wifi:wifi certification version: v7.0[0m
[0;32mI (1233) wifi:config NVS flash: enabled[0m
[0;32mI (1236) wifi:config nano formatting: disabled[0m
[0;32mI (1241) wifi:Init data frame dynamic rx buffer num: 32[0m
[0;32mI (1246) wifi:Init static rx mgmt buffer num: 5[0m
[0;32mI (1250) wifi:Init management short buffer num: 32[0m
[0;32mI (1255) wifi:Init static tx buffer num: 16[0m
[0;32mI (1258) wifi:Init static tx FG buffer num: 2[0m
[0;32mI (1262) wifi:Init static rx buffer size: 1600[0m
[0;32mI (1266) wifi:Init static rx buffer num: 10[0m
[0;32mI (1270) wifi:Init dynamic rx buffer num: 32[0m
[0;32mI (1275) wifi_init: rx ba win: 6[0m
[0;32mI (1278) wifi_init: accept mbox: 6[0m
[0;32mI (1282) wifi_init: tcpip mbox: 32[0m
[0;32mI (1286) wifi_init: udp mbox: 6[0m
[0;32mI (1290) wifi_init: tcp mbox: 6[0m
[0;32mI (1294) wifi_init: tcp tx win: 5760[0m
[0;32mI (1298) wifi_init: tcp rx win: 5760[0m
[0;32mI (1303) wifi_init: tcp mss: 1440[0m
[0;32mI (1307) wifi_init: WiFi IRAM OP enabled[0m
[0;32mI (1311) wifi_init: WiFi RX IRAM OP enabled[0m
[0;32mI (1316) phy_init: phy_version 711,97bcf0a2,Aug 25 2025,19:04:10[0m
[0;32mI (1350) wifi:mode : sta (98:a3:16:d8:25:94)[0m
[0;32mI (1350) wifi:enable tsf[0m
[0;32mI (1351) example: Initialize SPI bus[0m
[0;32mI (1352) example: Install panel IO[0m
[0;32mI (1354) example: Install SH8601 panel driver[0m
[0;32mI (1359) sh8601: LCD panel create success, version: 2.0.1[0m
[0;32mI (1618) example: Initialize LVGL library[0m

assert failed: app_main example_qspi_with_ram.c:522 (buf2)


Backtrace: 0x40386cfd:0x3fcade50 0x40386cc9:0x3fcade70 0x4038504d:0x3fcade90 0x4200f16e:0x3fcadfb0 0x4200708f:0x3fcae220




ELF file SHA256: c07a88d99

Rebooting...
ESP-ROM:esp32s3-20210327
Build:Mar 27 2021
rst:0xc (RTC_SW_CPU_RST),boot:0x8 (SPI_FAST_FLASH_BOOT)
Saved PC:0x40386e8c
SPIWP:0xee
mode:DIO, clock div:1
load:0x3fce2820,len:0x16fc
load:0x403c8700,len:0xf38
load:0x403cb700,len:0x3234
entry 0x403c8930
[0;32mI (24) boot: ESP-IDF v6.1-dev-1245-gb5956e708e 2nd stage bootloader[0m
[0;32mI (24) boot: compile time Dec 14 2025 18:13:33[0m
[0;32mI (24) boot: Multicore bootloader[0m
[0;32mI (26) boot: chip revision: v0.2[0m
[0;32mI (29) boot: efuse block revision: v1.3[0m
[0;32mI (32) qio_mode: Enabling QIO for flash chip WinBond[0m
[0;32mI (37) boot.esp32s3: Boot SPI Speed : 80MHz[0m
[0;32mI (41) boot.esp32s3: SPI Mode       : QIO[0m
[0;32mI (45) boot.esp32s3: SPI Flash Size : 4MB[0m
[0;32mI (48) boot: Enabling RNG early entropy source...[0m
[0;32mI (53) boot: Partition Table:[0m
[0;32mI (55) boot: ## Label            Usage          Type ST Offset   Length[0m
[0;32mI (62) boot:  0 nvs              WiFi data        01 02 00009000 00006000[0m
[0;32mI (68) boot:  1 phy_init         RF data          01 01 0000f000 00001000[0m
[0;32mI (75) boot:  2 factory          factory app      00 00 00010000 00300000[0m
[0;32mI (81) boot: End of partition table[0m
[0;32mI (85) esp_image: segment 0: paddr=00010020 vaddr=3c0d0020 size=2b634h (177716) map[0m
[0;32mI (119) esp_image: segment 1: paddr=0003b65c vaddr=3fca1100 size=049bch ( 18876) load[0m
[0;32mI (123) esp_image: segment 2: paddr=00040020 vaddr=42000020 size=c7a30h (817712) map[0m
[0;32mI (247) esp_image: segment 3: paddr=00107a58 vaddr=3fca5abc size=00acch (  2764) load[0m
[0;32mI (248) esp_image: segment 4: paddr=0010852c vaddr=40374000 size=1d0cch (118988) load[0m
[0;32mI (274) esp_image: segment 5: paddr=00125600 vaddr=50000000 size=00024h (    36) load[0m
[0;32mI (286) boot: Loaded app from partition at offset 0x10000[0m
[0;32mI (286) boot: Disabling RNG early entropy source...[0m
[0;32mI (296) octal_psram: vendor id    : 0x0d (AP)[0m
[0;32mI (296) octal_psram: dev id       : 0x02 (generation 3)[0m
[0;32mI (297) octal_psram: density      : 0x03 (64 Mbit)[0m
[0;32mI (301) octal_psram: good-die     : 0x01 (Pass)[0m
[0;32mI (307) octal_psram: Latency      : 0x01 (Fixed)[0m
[0;32mI (312) octal_psram: VCC          : 0x01 (3V)[0m
[0;32mI (317) octal_psram: SRF          : 0x01 (Fast Refresh)[0m
[0;32mI (323) octal_psram: BurstType    : 0x01 (Hybrid Wrap)[0m
[0;32mI (329) octal_psram: BurstLen     : 0x01 (32 Byte)[0m
[0;32mI (334) octal_psram: Readlatency  : 0x02 (10 cycles@Fixed)[0m
[0;32mI (340) octal_psram: DriveStrength: 0x00 (1/1)[0m
[0;32mI (345) MSPI Timing: Enter psram timing tuning[0m
[0;32mI (351) esp_psram: Found 8MB PSRAM device[0m
[0;32mI (355) esp_psram: Speed: 80MHz[0m
[0;32mI (370) mmu_psram: Read only data copied and mapped to SPIRAM[0m
[0;32mI (425) mmu_psram: Instructions copied and mapped to SPIRAM[0m
[0;32mI (426) cpu_start: Multicore app[0m
[0;32mI (676) esp_psram: SPI SRAM memory test OK[0m
[0;32mI (684) cpu_start: GPIO 44 and 43 are used as console UART I/O pins[0m
[0;32mI (684) cpu_start: Pro cpu start user code[0m
[0;32mI (684) cpu_start: cpu freq: 240000000 Hz[0m
[0;32mI (689) app_init: Application information:[0m
[0;32mI (694) app_init: Project name:     esp32lvgl_demo[0m
[0;32mI (699) app_init: App version:      403af02-dirty[0m
[0;32mI (705) app_init: Compile time:     Dec 14 2025 23:55:09[0m
[0;32mI (710) app_init: ELF file SHA256:  c07a88d99...[0m
[0;32mI (716) app_init: ESP-IDF:          v6.1-dev-1245-gb5956e708e[0m
[0;32mI (722) efuse_init: Min chip rev:     v0.0[0m
[0;32mI (727) efuse_init: Max chip rev:     v0.99 [0m
[0;32mI (732) efuse_init: Chip rev:         v0.2[0m
[0;32mI (737) heap_init: Initializing. RAM available for dynamic allocation:[0m
[0;32mI (744) heap_init: At 3FCAB1D8 len 0003E538 (249 KiB): RAM[0m
[0;32mI (750) heap_init: At 3FCE9710 len 00005724 (21 KiB): RAM[0m
[0;32mI (756) heap_init: At 3FCF0000 len 00008000 (32 KiB): DRAM[0m
[0;32mI (762) heap_init: At 600FE000 len 00001FE8 (7 KiB): RTCRAM[0m
[0;32mI (769) esp_psram: Adding pool of 7168K of PSRAM memory to heap allocator[0m
[0;32mI (776) esp_psram: Adding pool of 18K of PSRAM memory gap generated due to end address alignment of drom to the heap allocator[0m
[0;32mI (788) spi_flash: detected chip: winbond[0m
[0;32mI (793) spi_flash: flash io: qio[0m
[0;33mW (797) spi_flash: Detected size(16384k) larger than the size in the binary image header(4096k). Using the size in the binary image header.[0m
[0;33mW (810) i2c: This driver is an old driver, please migrate your application code to adapt `driver/i2c_master.h`[0m
[0;32mI (821) sleep_gpio: Configure to isolate all GPIO pins in sleep state[0m
[0;32mI (828) sleep_gpio: Enable automatic switching of GPIO sleep configuration[0m
[0;32mI (836) main_task: Started on CPU0[0m
[0;32mI (840) esp_psram: Reserving pool of 32K of internal memory for DMA/internal allocations[0m
[0;32mI (849) main_task: Calling app_main()[0m
[0;32mI (1213) lcd_Model: 0xff[0m
[0;32mI (1220) pp: pp rom version: e7ae62f[0m
[0;32mI (1220) net80211: net80211 rom version: e7ae62f[0m
[0;32mI (1222) wifi:wifi driver task: 3fced45c, prio:23, stack:6656, core=0[0m
[0;32mI (1228) wifi:wifi firmware version: 3626b7d[0m
[0;32mI (1229) wifi:wifi certification version: v7.0[0m
[0;32mI (1233) wifi:config NVS flash: enabled[0m
[0;32mI (1236) wifi:config nano formatting: disabled[0m
[0;32mI (1241) wifi:Init data frame dynamic rx buffer num: 32[0m
[0;32mI (1246) wifi:Init static rx mgmt buffer num: 5[0m
[0;32mI (1250) wifi:Init management short buffer num: 32[0m
[0;32mI (1255) wifi:Init static tx buffer num: 16[0m
[0;32mI (1258) wifi:Init static tx FG buffer num: 2[0m
[0;32mI (1262) wifi:Init static rx buffer size: 1600[0m
[0;32mI (1266) wifi:Init static rx buffer num: 10[0m
[0;32mI (1270) wifi:Init dynamic rx buffer num: 32[0m
[0;32mI (1275) wifi_init: rx ba win: 6[0m
[0;32mI (1278) wifi_init: accept mbox: 6[0m
[0;32mI (1282) wifi_init: tcpip mbox: 32[0m
[0;32mI (1286) wifi_init: udp mbox: 6[0m
[0;32mI (1290) wifi_init: tcp mbox: 6[0m
[0;32mI (1294) wifi_init: tcp tx win: 5760[0m
[0;32mI (1298) wifi_init: tcp rx win: 5760[0m
[0;32mI (1303) wifi_init: tcp mss: 1440[0m
[0;32mI (1307) wifi_init: WiFi IRAM OP enabled[0m
[0;32mI (1311) wifi_init: WiFi RX IRAM OP enabled[0m
[0;32mI (1316) phy_init: phy_version 711,97bcf0a2,Aug 25 2025,19:04:10[0m
[0;32mI (1350) wifi:mode : sta (98:a3:16:d8:25:94)[0m
[0;32mI (1350) wifi:enable tsf[0m
[0;32mI (1351) example: Initialize SPI bus[0m
[0;32mI (1352) example: Install panel IO[0m
[0;32mI (1354) example: Install SH8601 panel driver[0m
[0;32mI (1359) sh8601: LCD panel create success, version: 2.0.1[0m
[0;32mI (1618) example: Initialize LVGL library[0m

assert failed: app_main example_qspi_with_ram.c:522 (buf2)


Backtrace: 0x40386cfd:0x3fcade50 0x40386cc9:0x3fcade70 0x4038504d:0x3fcade90 0x4200f16e:0x3fcadfb0 0x4200708f:0x3fcae220




ELF file SHA256: c07a88d99

Rebooting...
ESP-ROM:esp32s3-20210327
Build:Mar 27 2021
rst:0xc (RTC_SW_CPU_RST),boot:0x8 (SPI_FAST_FLASH_BOOT)
Saved PC:0x40386e8c
SPIWP:0xee
mode:DIO, clock div:1
load:0x3fce2820,len:0x16fc
load:0x403c8700,len:0xf38
load:0x403cb700,len:0x3234
entry 0x403c8930
[0;32mI (24) boot: ESP-IDF v6.1-dev-1245-gb5956e708e 2nd stage bootloader[0m
[0;32mI (24) boot: compile time Dec 14 2025 18:13:33[0m
[0;32mI (24) boot: Multicore bootloader[0m
[0;32mI (26) boot: chip revision: v0.2[0m
[0;32mI (29) boot: efuse block revision: v1.3[0m
[0;32mI (32) qio_mode: Enabling QIO for flash chip WinBond[0m
[0;32mI (37) boot.esp32s3: Boot SPI Speed : 80MHz[0m
[0;32mI (41) boot.esp32s3: SPI Mode       : QIO[0m
[0;32mI (45) boot.esp32s3: SPI Flash Size : 4MB[0m
[0;32mI (48) boot: Enabling RNG early entropy source...[0m
[0;32mI (53) boot: Partition Table:[0m
[0;32mI (55) boot: ## Label            Usage          Type ST Offset   Length[0m
[0;32mI (62) boot:  0 nvs              WiFi data        01 02 00009000 00006000[0m
[0;32mI (68) boot:  1 phy_init         RF data          01 01 0000f000 00001000[0m
[0;32mI (75) boot:  2 factory          factory app      00 00 00010000 00300000[0m
[0;32mI (81) boot: End of partition table[0m
[0;32mI (85) esp_image: segment 0: paddr=00010020 vaddr=3c0d0020 size=2b634h (177716) map[0m
[0;32mI (119) esp_image: segment 1: paddr=0003b65c vaddr=3fca1100 size=049bch ( 18876) load[0m
[0;32mI (123) esp_image: segment 2: paddr=00040020 vaddr=42000020 size=c7a30h (817712) map[0m
[0;32mI (247) esp_image: segment 3: paddr=00107a58 vaddr=3fca5abc size=00acch (  2764) load[0m
[0;32mI (248) esp_image: segment 4: paddr=0010852c vaddr=40374000 size=1d0cch (118988) load[0m
[0;32mI (274) esp_image: segment 5: paddr=00125600 vaddr=50000000 size=00024h (    36) load[0m
[0;32mI (286) boot: Loaded app from partition at offset 0x10000[0m
[0;32mI (286) boot: Disabling RNG early entropy source...[0m
[0;32mI (296) octal_psram: vendor id    : 0x0d (AP)[0m
[0;32mI (296) octal_psram: dev id       : 0x02 (generation 3)[0m
[0;32mI (297) octal_psram: density      : 0x03 (64 Mbit)[0m
[0;32mI (301) octal_psram: good-die     : 0x01 (Pass)[0m
[0;32mI (307) octal_psram: Latency      : 0x01 (Fixed)[0m
[0;32mI (312) octal_psram: VCC          : 0x01 (3V)[0m
[0;32mI (317) octal_psram: SRF          : 0x01 (Fast Refresh)[0m
[0;32mI (323) octal_psram: BurstType    : 0x01 (Hybrid Wrap)[0m
[0;32mI (329) octal_psram: BurstLen     : 0x01 (32 Byte)[0m
[0;32mI (334) octal_psram: Readlatency  : 0x02 (10 cycles@Fixed)[0m
[0;32mI (340) octal_psram: DriveStrength: 0x00 (1/1)[0m
[0;32mI (345) MSPI Timing: Enter psram timing tuning[0m
[0;32mI (351) esp_psram: Found 8MB PSRAM device[0m
[0;32mI (355) esp_psram: Speed: 80MHz[0m
[0;32mI (370) mmu_psram: Read only data copied and mapped to SPIRAM[0m
[0;32mI (425) mmu_psram: Instructions copied and mapped to SPIRAM[0m
[0;32mI (426) cpu_start: Multicore app[0m
[0;32mI (676) esp_psram: SPI SRAM memory test OK[0m
[0;32mI (684) cpu_start: GPIO 44 and 43 are used as console UART I/O pins[0m
[0;32mI (684) cpu_start: Pro cpu start user code[0m
[0;32mI (684) cpu_start: cpu freq: 240000000 Hz[0m
[0;32mI (689) app_init: Application information:[0m
[0;32mI (694) app_init: Project name:     esp32lvgl_demo[0m
[0;32mI (699) app_init: App version:      403af02-dirty[0m
[0;32mI (705) app_init: Compile time:     Dec 14 2025 23:55:09[0m
[0;32mI (710) app_init: ELF file SHA256:  c07a88d99...[0m
[0;32mI (716) app_init: ESP-IDF:          v6.1-dev-1245-gb5956e708e[0m
[0;32mI (722) efuse_init: Min chip rev:     v0.0[0m
[0;32mI (727) efuse_init: Max chip rev:     v0.99 [0m
[0;32mI (732) efuse_init: Chip rev:         v0.2[0m
[0;32mI (737) heap_init: Initializing. RAM available for dynamic allocation:[0m
[0;32mI (744) heap_init: At 3FCAB1D8 len 0003E538 (249 KiB): RAM[0m
[0;32mI (750) heap_init: At 3FCE9710 len 00005724 (21 KiB): RAM[0m
[0;32mI (756) heap_init: At 3FCF0000 len 00008000 (32 KiB): DRAM[0m
[0;32mI (762) heap_init: At 600FE000 len 00001FE8 (7 KiB): RTCRAM[0m
[0;32mI (769) esp_psram: Adding pool of 7168K of PSRAM memory to heap allocator[0m
[0;32mI (776) esp_psram: Adding pool of 18K of PSRAM memory gap generated due to end address alignment of drom to the heap allocator[0m
[0;32mI (788) spi_flash: detected chip: winbond[0m
[0;32mI (793) spi_flash: flash io: qio[0m
[0;33mW (797) spi_flash: Detected size(16384k) larger than the size in the binary image header(4096k). Using the size in the binary image header.[0m
[0;33mW (810) i2c: This driver is an old driver, please migrate your application code to adapt `driver/i2c_master.h`[0m
[0;32mI (821) sleep_gpio: Configure to isolate all GPIO pins in sleep state[0m
[0;32mI (828) sleep_gpio: Enable automatic switching of GPIO sleep configuration[0m
[0;32mI (836) main_task: Started on CPU0[0m
[0;32mI (840) esp_psram: Reserving pool of 32K of internal memory for DMA/internal allocations[0m
[0;32mI (849) main_task: Calling app_main()[0m
